Component: ARM Compiler 5.06 update 7 (build 960) Tool: armlink [4d3601]

==============================================================================

Section Cross References

    main.o(i.main) refers to at32f403a_407_wk_config.o(i.wk_system_clock_config) for wk_system_clock_config
    main.o(i.main) refers to at32f403a_407_wk_config.o(i.wk_periph_clock_config) for wk_periph_clock_config
    main.o(i.main) refers to wk_debug.o(i.wk_debug_config) for wk_debug_config
    main.o(i.main) refers to at32f403a_407_wk_config.o(i.wk_nvic_config) for wk_nvic_config
    main.o(i.main) refers to wk_system.o(i.wk_timebase_init) for wk_timebase_init
    main.o(i.main) refers to wk_gpio.o(i.wk_gpio_config) for wk_gpio_config
    main.o(i.main) refers to wk_spi.o(i.wk_spi1_init) for wk_spi1_init
    main.o(i.main) refers to wk_tmr.o(i.wk_tmr1_init) for wk_tmr1_init
    main.o(i.main) refers to wk_tmr.o(i.wk_tmr2_init) for wk_tmr2_init
    main.o(i.main) refers to wk_acc.o(i.wk_acc_init) for wk_acc_init
    main.o(i.main) refers to wk_usbfs.o(i.wk_usbfs_init) for wk_usbfs_init
    main.o(i.main) refers to usb_app.o(i.wk_usb_app_init) for wk_usb_app_init
    main.o(i.main) refers to delay.o(i.delay_init) for delay_init
    main.o(i.main) refers to delay.o(i.delay_ms) for delay_ms
    main.o(i.main) refers to foc.o(i.angle_init) for angle_init
    main.o(i.main) refers to at32f403a_407_tmr.o(i.tmr_interrupt_enable) for tmr_interrupt_enable
    main.o(i.main) refers to usb_app.o(i.wk_usb_app_task) for wk_usb_app_task
    main.o(i.main) refers to mt6701.o(i.MT6701_GetAngleWrapper) for MT6701_GetAngleWrapper
    at32f403a_407_wk_config.o(i.wk_nvic_config) refers to at32f403a_407_misc.o(i.nvic_priority_group_config) for nvic_priority_group_config
    at32f403a_407_wk_config.o(i.wk_nvic_config) refers to at32f403a_407_wk_config.o(i.__NVIC_GetPriorityGrouping) for __NVIC_GetPriorityGrouping
    at32f403a_407_wk_config.o(i.wk_nvic_config) refers to at32f403a_407_wk_config.o(i.NVIC_EncodePriority) for NVIC_EncodePriority
    at32f403a_407_wk_config.o(i.wk_nvic_config) refers to at32f403a_407_wk_config.o(i.__NVIC_SetPriority) for __NVIC_SetPriority
    at32f403a_407_wk_config.o(i.wk_nvic_config) refers to at32f403a_407_misc.o(i.nvic_irq_enable) for nvic_irq_enable
    at32f403a_407_wk_config.o(i.wk_periph_clock_config) refers to at32f403a_407_crm.o(i.crm_periph_clock_enable) for crm_periph_clock_enable
    at32f403a_407_wk_config.o(i.wk_system_clock_config) refers to at32f403a_407_crm.o(i.crm_reset) for crm_reset
    at32f403a_407_wk_config.o(i.wk_system_clock_config) refers to at32f403a_407_crm.o(i.crm_clock_source_enable) for crm_clock_source_enable
    at32f403a_407_wk_config.o(i.wk_system_clock_config) refers to at32f403a_407_crm.o(i.crm_flag_get) for crm_flag_get
    at32f403a_407_wk_config.o(i.wk_system_clock_config) refers to at32f403a_407_crm.o(i.crm_hext_stable_wait) for crm_hext_stable_wait
    at32f403a_407_wk_config.o(i.wk_system_clock_config) refers to at32f403a_407_crm.o(i.crm_pll_config) for crm_pll_config
    at32f403a_407_wk_config.o(i.wk_system_clock_config) refers to at32f403a_407_crm.o(i.crm_ahb_div_set) for crm_ahb_div_set
    at32f403a_407_wk_config.o(i.wk_system_clock_config) refers to at32f403a_407_crm.o(i.crm_apb2_div_set) for crm_apb2_div_set
    at32f403a_407_wk_config.o(i.wk_system_clock_config) refers to at32f403a_407_crm.o(i.crm_apb1_div_set) for crm_apb1_div_set
    at32f403a_407_wk_config.o(i.wk_system_clock_config) refers to at32f403a_407_crm.o(i.crm_auto_step_mode_enable) for crm_auto_step_mode_enable
    at32f403a_407_wk_config.o(i.wk_system_clock_config) refers to at32f403a_407_crm.o(i.crm_sysclk_switch) for crm_sysclk_switch
    at32f403a_407_wk_config.o(i.wk_system_clock_config) refers to at32f403a_407_crm.o(i.crm_sysclk_switch_status_get) for crm_sysclk_switch_status_get
    at32f403a_407_wk_config.o(i.wk_system_clock_config) refers to system_at32f403a_407.o(i.system_core_clock_update) for system_core_clock_update
    at32f403a_407_int.o(i.TMR2_GLOBAL_IRQHandler) refers to mt6701.o(i.MT6701_GetAngle) for MT6701_GetAngle
    at32f403a_407_int.o(i.TMR2_GLOBAL_IRQHandler) refers to foc.o(i.setPhaseVoltage) for setPhaseVoltage
    at32f403a_407_int.o(i.TMR2_GLOBAL_IRQHandler) refers to at32f403a_407_tmr.o(i.tmr_flag_clear) for tmr_flag_clear
    at32f403a_407_int.o(i.TMR2_GLOBAL_IRQHandler) refers to mt6701.o(.data) for mt6701
    at32f403a_407_int.o(i.USBFS_MAPL_IRQHandler) refers to usb_app.o(i.wk_usbfs_irq_handler) for wk_usbfs_irq_handler
    wk_system.o(i.wk_delay_ms) refers to wk_system.o(i.wk_delay_us) for wk_delay_us
    wk_system.o(i.wk_delay_us) refers to wk_system.o(.data) for ticks_count_us
    wk_system.o(i.wk_timebase_init) refers to at32f403a_407_crm.o(i.crm_clocks_freq_get) for crm_clocks_freq_get
    wk_system.o(i.wk_timebase_init) refers to at32f403a_407_misc.o(i.systick_clock_source_config) for systick_clock_source_config
[...]
    i.__hardfp_fmod                          0x08000bec   Section        0  fmod.o(i.__hardfp_fmod)
    i.__mathlib_dbl_invalid                  0x08000cf0   Section        0  dunder.o(i.__mathlib_dbl_invalid)
    i.__scatterload_copy                     0x08000d10   Section       14  handlers.o(i.__scatterload_copy)
    i.__scatterload_null                     0x08000d1e   Section        2  handlers.o(i.__scatterload_null)
    i.__scatterload_zeroinit                 0x08000d20   Section       14  handlers.o(i.__scatterload_zeroinit)
    i.__set_errno                            0x08000d30   Section        0  errno.o(i.__set_errno)
    i._electricalAngle                       0x08000d3c   Section        0  foc.o(i._electricalAngle)
    i._fp_digits                             0x08000d5c   Section        0  printfa.o(i._fp_digits)
    _fp_digits                               0x08000d5d   Thumb Code   366  printfa.o(i._fp_digits)
    i._printf_core                           0x08000ee0   Section        0  printfa.o(i._printf_core)
    _printf_core                             0x08000ee1   Thumb Code  1704  printfa.o(i._printf_core)
    i._printf_post_padding                   0x08001594   Section        0  printfa.o(i._printf_post_padding)
    _printf_post_padding                     0x08001595   Thumb Code    36  printfa.o(i._printf_post_padding)
    i._printf_pre_padding                    0x080015b8   Section        0  printfa.o(i._printf_pre_padding)
    _printf_pre_padding                      0x080015b9   Thumb Code    46  printfa.o(i._printf_pre_padding)
    i._snputc                                0x080015e6   Section        0  printfa.o(i._snputc)
    _snputc                                  0x080015e7   Thumb Code    22  printfa.o(i._snputc)
    i.acc_calibration_mode_enable            0x080015fc   Section        0  at32f403a_407_acc.o(i.acc_calibration_mode_enable)
    i.acc_write_c1                           0x0800162c   Section        0  at32f403a_407_acc.o(i.acc_write_c1)
    i.acc_write_c2                           0x08001638   Section        0  at32f403a_407_acc.o(i.acc_write_c2)
    i.acc_write_c3                           0x08001644   Section        0  at32f403a_407_acc.o(i.acc_write_c3)
    i.angle_init                             0x08001650   Section        0  foc.o(i.angle_init)
    i.cdc_struct_init                        0x08001740   Section        0  cdc_class.o(i.cdc_struct_init)
    cdc_struct_init                          0x08001741   Thumb Code    50  cdc_class.o(i.cdc_struct_init)
    i.class_clear_handler                    0x08001778   Section        0  cdc_class.o(i.class_clear_handler)
    class_clear_handler                      0x08001779   Thumb Code    36  cdc_class.o(i.class_clear_handler)
    i.class_ept0_rx_handler                  0x0800179c   Section        0  cdc_class.o(i.class_ept0_rx_handler)
    class_ept0_rx_handler                    0x0800179d   Thumb Code    56  cdc_class.o(i.class_ept0_rx_handler)
    i.class_ept0_tx_handler                  0x080017d4   Section        0  cdc_class.o(i.class_ept0_tx_handler)
    class_ept0_tx_handler                    0x080017d5   Thumb Code     6  cdc_class.o(i.class_ept0_tx_handler)
    i.class_event_handler                    0x080017da   Section        0  cdc_class.o(i.class_event_handler)
    class_event_handler                      0x080017db   Thumb Code    30  cdc_class.o(i.class_event_handler)
    i.class_in_handler                       0x080017f8   Section        0  cdc_class.o(i.class_in_handler)
    class_in_handler                         0x080017f9   Thumb Code    22  cdc_class.o(i.class_in_handler)
    i.class_init_handler                     0x0800180e   Section        0  cdc_class.o(i.class_init_handler)
    class_init_handler                       0x0800180f   Thumb Code    74  cdc_class.o(i.class_init_handler)
    i.class_out_handler                      0x08001858   Section        0  cdc_class.o(i.class_out_handler)
    class_out_handler                        0x08001859   Thumb Code    42  cdc_class.o(i.class_out_handler)
    i.class_setup_handler                    0x08001882   Section        0  cdc_class.o(i.class_setup_handler)
    class_setup_handler                      0x08001883   Thumb Code   182  cdc_class.o(i.class_setup_handler)
    i.class_sof_handler                      0x08001938   Section        0  cdc_class.o(i.class_sof_handler)
    class_sof_handler                        0x08001939   Thumb Code     6  cdc_class.o(i.class_sof_handler)
    i.crm_ahb_div_set                        0x08001940   Section        0  at32f403a_407_crm.o(i.crm_ahb_div_set)
    i.crm_apb1_div_set                       0x08001954   Section        0  at32f403a_407_crm.o(i.crm_apb1_div_set)
    i.crm_apb2_div_set                       0x08001968   Section        0  at32f403a_407_crm.o(i.crm_apb2_div_set)
    i.crm_auto_step_mode_enable              0x0800197c   Section        0  at32f403a_407_crm.o(i.crm_auto_step_mode_enable)
    i.crm_clock_source_enable                0x080019a4   Section        0  at32f403a_407_crm.o(i.crm_clock_source_enable)
    i.crm_clocks_freq_get                    0x08001a04   Section        0  at32f403a_407_crm.o(i.crm_clocks_freq_get)
    i.crm_flag_get                           0x08001b30   Section        0  at32f403a_407_crm.o(i.crm_flag_get)
    i.crm_hext_stable_wait                   0x08001b60   Section        0  at32f403a_407_crm.o(i.crm_hext_stable_wait)
    i.crm_hick_divider_select                0x08001b90   Section        0  at32f403a_407_crm.o(i.crm_hick_divider_select)
    i.crm_hick_sclk_frequency_select         0x08001ba4   Section        0  at32f403a_407_crm.o(i.crm_hick_sclk_frequency_select)
    i.crm_periph_clock_enable                0x08001bc0   Section        0  at32f403a_407_crm.o(i.crm_periph_clock_enable)
    i.crm_pll_config                         0x08001c04   Section        0  at32f403a_407_crm.o(i.crm_pll_config)
    i.crm_reset                              0x08001c80   Section        0  at32f403a_407_crm.o(i.crm_reset)
    i.crm_sysclk_switch                      0x08001cd8   Section        0  at32f403a_407_crm.o(i.crm_sysclk_switch)
    i.crm_sysclk_switch_status_get           0x08001d14   Section        0  at32f403a_407_crm.o(i.crm_sysclk_switch_status_get)
    i.crm_usb_clock_source_select            0x08001d24   Section        0  at32f403a_407_crm.o(i.crm_usb_clock_source_select)
    i.crm_usb_interrupt_remapping_set        0x08001d44   Section        0  at32f403a_407_crm.o(i.crm_usb_interrupt_remapping_set)
    i.delay_init                             0x08001d58   Section        0  delay.o(i.delay_init)
    i.delay_ms                               0x08001d90   Section        0  delay.o(i.delay_ms)
    i.fast_cos                               0x08001e04   Section        0  foc.o(i.fast_cos)
    fast_cos                                 0x08001e05   Thumb Code   164  foc.o(i.fast_cos)
    i.fast_sin                               0x08001ec8   Section        0  foc.o(i.fast_sin)
    fast_sin                                 0x08001ec9   Thumb Code   168  foc.o(i.fast_sin)
    i.getCorrectedElectricalAngle            0x08001f90   Section        0  foc.o(i.getCorrectedElectricalAngle)
    i.get_device_config_string               0x08002024   Section        0  cdc_desc.o(i.get_device_config_string)
    get_device_config_string                 0x08002025   Thumb Code    22  cdc_desc.o(i.get_device_config_string)
    i.get_device_configuration               0x0800205c   Section        0  cdc_desc.o(i.get_device_configuration)
    get_device_configuration                 0x0800205d   Thumb Code     4  cdc_desc.o(i.get_device_configuration)
    i.get_device_descriptor                  0x08002064   Section        0  cdc_desc.o(i.get_device_descriptor)
    get_device_descriptor                    0x08002065   Thumb Code     4  cdc_desc.o(i.get_device_descriptor)
    i.get_device_interface_string            0x0800206c   Section        0  cdc_desc.o(i.get_device_interface_string)
    get_device_interface_string              0x0800206d   Thumb Code    22  cdc_desc.o(i.get_device_interface_string)
    i.get_device_lang_id                     0x080020a8   Section        0  cdc_desc.o(i.get_device_lang_id)
    get_device_lang_id                       0x080020a9   Thumb Code     4  cdc_desc.o(i.get_device_lang_id)
    i.get_device_manufacturer_string         0x080020b0   Section        0  cdc_desc.o(i.get_device_manufacturer_string)
    get_device_manufacturer_string           0x080020b1   Thumb Code    22  cdc_desc.o(i.get_device_manufacturer_string)
    i.get_device_other_speed                 0x080020d8   Section        0  cdc_desc.o(i.get_device_other_speed)
    get_device_other_speed                   0x080020d9   Thumb Code     4  cdc_desc.o(i.get_device_other_speed)
    i.get_device_product_string              0x080020dc   Section        0  cdc_desc.o(i.get_device_product_string)
    get_device_product_string                0x080020dd   Thumb Code    22  cdc_desc.o(i.get_device_product_string)
    i.get_device_qualifier                   0x08002114   Section        0  cdc_desc.o(i.get_device_qualifier)
    get_device_qualifier                     0x08002115   Thumb Code     4  cdc_desc.o(i.get_device_qualifier)
    i.get_device_serial_string               0x08002118   Section        0  cdc_desc.o(i.get_device_serial_string)
    get_device_serial_string                 0x08002119   Thumb Code    10  cdc_desc.o(i.get_device_serial_string)
    i.get_serial_num                         0x08002128   Section        0  cdc_desc.o(i.get_serial_num)
    get_serial_num                           0x08002129   Thumb Code    42  cdc_desc.o(i.get_serial_num)
    i.gpio_bits_reset                        0x0800215c   Section        0  at32f403a_407_gpio.o(i.gpio_bits_reset)
    i.gpio_bits_set                          0x08002160   Section        0  at32f403a_407_gpio.o(i.gpio_bits_set)
    i.gpio_default_para_init                 0x08002164   Section        0  at32f403a_407_gpio.o(i.gpio_default_para_init)
    i.gpio_init                              0x0800217a   Section        0  at32f403a_407_gpio.o(i.gpio_init)
    i.gpio_pin_remap_config                  0x08002224   Section        0  at32f403a_407_gpio.o(i.gpio_pin_remap_config)
    i.limit                                  0x08002270   Section        0  foc.o(i.limit)
    i.main                                   0x08002294   Section        0  main.o(i.main)
    i.nvic_irq_enable                        0x080022f0   Section        0  at32f403a_407_misc.o(i.nvic_irq_enable)
    i.nvic_priority_group_config             0x080023b8   Section        0  at32f403a_407_misc.o(i.nvic_priority_group_config)
    i.setPhaseVoltage                        0x080023e0   Section        0  foc.o(i.setPhaseVoltage)
    i.setpwm                                 0x08002528   Section        0  foc.o(i.setpwm)
    i.spi_crc_enable                         0x08002654   Section        0  at32f403a_407_spi.o(i.spi_crc_enable)
    i.spi_crc_polynomial_set                 0x0800265e   Section        0  at32f403a_407_spi.o(i.spi_crc_polynomial_set)
    i.spi_default_para_init                  0x08002668   Section        0  at32f403a_407_spi.o(i.spi_default_para_init)
    i.spi_enable                             0x0800267e   Section        0  at32f403a_407_spi.o(i.spi_enable)
    i.spi_i2s_data_receive                   0x08002688   Section        0  at32f403a_407_spi.o(i.spi_i2s_data_receive)
    i.spi_i2s_data_transmit                  0x08002690   Section        0  at32f403a_407_spi.o(i.spi_i2s_data_transmit)
    i.spi_i2s_flag_get                       0x08002694   Section        0  at32f403a_407_spi.o(i.spi_i2s_flag_get)
    i.spi_init                               0x080026a4   Section        0  at32f403a_407_spi.o(i.spi_init)
    i.strong_drag                            0x080027c8   Section        0  foc.o(i.strong_drag)
    i.system_core_clock_update               0x080028b8   Section        0  system_at32f403a_407.o(i.system_core_clock_update)
    i.systick_clock_source_config            0x080029b0   Section        0  at32f403a_407_misc.o(i.systick_clock_source_config)
    i.tmr_base_init                          0x080029d8   Section        0  at32f403a_407_tmr.o(i.tmr_base_init)
    i.tmr_brkdt_config                       0x080029e8   Section        0  at32f403a_407_tmr.o(i.tmr_brkdt_config)
    i.tmr_channel_value_set                  0x08002a30   Section        0  at32f403a_407_tmr.o(i.tmr_channel_value_set)
    i.tmr_clock_source_div_set               0x08002a58   Section        0  at32f403a_407_tmr.o(i.tmr_clock_source_div_set)
    i.tmr_cnt_dir_set                        0x08002a62   Section        0  at32f403a_407_tmr.o(i.tmr_cnt_dir_set)
    i.tmr_counter_enable                     0x08002a6c   Section        0  at32f403a_407_tmr.o(i.tmr_counter_enable)
    i.tmr_flag_clear                         0x08002a76   Section        0  at32f403a_407_tmr.o(i.tmr_flag_clear)
    i.tmr_interrupt_enable                   0x08002a7c   Section        0  at32f403a_407_tmr.o(i.tmr_interrupt_enable)
    i.tmr_output_channel_buffer_enable       0x08002a92   Section        0  at32f403a_407_tmr.o(i.tmr_output_channel_buffer_enable)
    i.tmr_output_channel_config              0x08002ad4   Section        0  at32f403a_407_tmr.o(i.tmr_output_channel_config)
    i.tmr_output_channel_immediately_set     0x08002c74   Section        0  at32f403a_407_tmr.o(i.tmr_output_channel_immediately_set)
    i.tmr_output_enable                      0x08002cb6   Section        0  at32f403a_407_tmr.o(i.tmr_output_enable)
    i.tmr_period_buffer_enable               0x08002cc0   Section        0  at32f403a_407_tmr.o(i.tmr_period_buffer_enable)
    i.tmr_primary_mode_select                0x08002cca   Section        0  at32f403a_407_tmr.o(i.tmr_primary_mode_select)
    i.tmr_repetition_counter_set             0x08002cd4   Section        0  at32f403a_407_tmr.o(i.tmr_repetition_counter_set)
    i.tmr_sub_sync_mode_set                  0x08002cde   Section        0  at32f403a_407_tmr.o(i.tmr_sub_sync_mode_set)
    i.usb_buffer_free                        0x08002ce8   Section        0  at32f403a_407_usb.o(i.usb_buffer_free)
    i.usb_buffer_malloc                      0x08002cf4   Section        0  at32f403a_407_usb.o(i.usb_buffer_malloc)
    i.usb_connect                            0x08002d08   Section        0  at32f403a_407_usb.o(i.usb_connect)
    i.usb_dev_init                           0x08002d1a   Section        0  at32f403a_407_usb.o(i.usb_dev_init)
    i.usb_enter_suspend                      0x08002d3e   Section        0  at32f403a_407_usb.o(i.usb_enter_suspend)
    i.usb_ept_close                          0x08002d54   Section        0  at32f403a_407_usb.o(i.usb_ept_close)
    i.usb_ept_open                           0x08002f90   Section        0  at32f403a_407_usb.o(i.usb_ept_open)
    i.usb_exit_suspend                       0x080034a0   Section        0  at32f403a_407_usb.o(i.usb_exit_suspend)
    i.usb_flag_clear                         0x080034b2   Section        0  at32f403a_407_usb.o(i.usb_flag_clear)
    i.usb_interrupt_enable                   0x080034b8   Section        0  at32f403a_407_usb.o(i.usb_interrupt_enable)
    i.usb_printf                             0x080034cc   Section        0  log.o(i.usb_printf)
    i.usb_read_packet                        0x08003518   Section        0  at32f403a_407_usb.o(i.usb_read_packet)
    i.usb_set_address                        0x08003544   Section        0  at32f403a_407_usb.o(i.usb_set_address)
    i.usb_vcp_cmd_process                    0x08003558   Section        0  cdc_class.o(i.usb_vcp_cmd_process)
    usb_vcp_cmd_process                      0x08003559   Thumb Code   116  cdc_class.o(i.usb_vcp_cmd_process)
    i.usb_vcp_get_rxdata                     0x080035cc   Section        0  cdc_class.o(i.usb_vcp_get_rxdata)
    i.usb_vcp_send_data                      0x0800361c   Section        0  cdc_class.o(i.usb_vcp_send_data)
    i.usb_write_packet                       0x08003658   Section        0  at32f403a_407_usb.o(i.usb_write_packet)
    i.usbd_clear_feature                     0x08003684   Section        0  usbd_sdr.o(i.usbd_clear_feature)
    usbd_clear_feature                       0x08003685   Thumb Code    84  usbd_sdr.o(i.usbd_clear_feature)
    i.usbd_clear_stall                       0x080036d8   Section        0  usbd_core.o(i.usbd_clear_stall)
    i.usbd_connect                           0x08003804   Section        0  usbd_core.o(i.usbd_connect)
    i.usbd_core_in_handler                   0x08003810   Section        0  usbd_core.o(i.usbd_core_in_handler)
    i.usbd_core_init                         0x080038ca   Section        0  usbd_core.o(i.usbd_core_init)
    i.usbd_core_out_handler                  0x080038f6   Section        0  usbd_core.o(i.usbd_core_out_handler)
    i.usbd_core_setup_handler                0x0800396e   Section        0  usbd_core.o(i.usbd_core_setup_handler)
    i.usbd_ctrl_recv                         0x080039c2   Section        0  usbd_core.o(i.usbd_ctrl_recv)
    i.usbd_ctrl_recv_status                  0x080039e6   Section        0  usbd_core.o(i.usbd_ctrl_recv_status)
    i.usbd_ctrl_send                         0x080039fe   Section        0  usbd_core.o(i.usbd_ctrl_send)
    i.usbd_ctrl_send_status                  0x08003a26   Section        0  usbd_core.o(i.usbd_ctrl_send_status)
    i.usbd_ctrl_unsupport                    0x08003a3e   Section        0  usbd_core.o(i.usbd_ctrl_unsupport)
    i.usbd_device_request                    0x08003a54   Section        0  usbd_sdr.o(i.usbd_device_request)
    i.usbd_endpoint_request                  0x08003ad4   Section        0  usbd_sdr.o(i.usbd_endpoint_request)
    i.usbd_enter_suspend                     0x08003c52   Section        0  usbd_core.o(i.usbd_enter_suspend)
    i.usbd_ept_buf_auto_define               0x08003c5e   Section        0  usbd_core.o(i.usbd_ept_buf_auto_define)
    i.usbd_ept_close                         0x08003ca2   Section        0  usbd_core.o(i.usbd_ept_close)
    i.usbd_ept_defaut_init                   0x08003cd2   Section        0  usbd_core.o(i.usbd_ept_defaut_init)
    i.usbd_ept_loop_handler                  0x08003d96   Section        0  usbd_int.o(i.usbd_ept_loop_handler)
    i.usbd_ept_open                          0x08003dbc   Section        0  usbd_core.o(i.usbd_ept_open)
    i.usbd_ept_recv                          0x08003e14   Section        0  usbd_core.o(i.usbd_ept_recv)
    i.usbd_ept_send                          0x08003e88   Section        0  usbd_core.o(i.usbd_ept_send)
    i.usbd_eptn_handler                      0x08003fa8   Section        0  usbd_int.o(i.usbd_eptn_handler)
    i.usbd_get_configuration                 0x08004184   Section        0  usbd_sdr.o(i.usbd_get_configuration)
    usbd_get_configuration                   0x08004185   Thumb Code    86  usbd_sdr.o(i.usbd_get_configuration)
    i.usbd_get_descriptor                    0x080041da   Section        0  usbd_sdr.o(i.usbd_get_descriptor)
    usbd_get_descriptor                      0x080041db   Thumb Code   284  usbd_sdr.o(i.usbd_get_descriptor)
    i.usbd_get_recv_len                      0x080042f6   Section        0  usbd_core.o(i.usbd_get_recv_len)
    i.usbd_get_status                        0x0800430a   Section        0  usbd_sdr.o(i.usbd_get_status)
    usbd_get_status                          0x0800430b   Thumb Code    68  usbd_sdr.o(i.usbd_get_status)
    i.usbd_int_to_unicode                    0x0800434e   Section        0  cdc_desc.o(i.usbd_int_to_unicode)
    usbd_int_to_unicode                      0x0800434f   Thumb Code    62  cdc_desc.o(i.usbd_int_to_unicode)
    i.usbd_interface_request                 0x0800438c   Section        0  usbd_sdr.o(i.usbd_interface_request)
    i.usbd_irq_handler                       0x080043d6   Section        0  usbd_int.o(i.usbd_irq_handler)
    i.usbd_reset_handler                     0x08004472   Section        0  usbd_int.o(i.usbd_reset_handler)
    i.usbd_set_address                       0x080044b8   Section        0  usbd_sdr.o(i.usbd_set_address)
    usbd_set_address                         0x080044b9   Thumb Code    82  usbd_sdr.o(i.usbd_set_address)
    i.usbd_set_configuration                 0x0800450c   Section        0  usbd_sdr.o(i.usbd_set_configuration)
    usbd_set_configuration                   0x0800450d   Thumb Code   194  usbd_sdr.o(i.usbd_set_configuration)
    i.usbd_set_feature                       0x080045d4   Section        0  usbd_sdr.o(i.usbd_set_feature)
    usbd_set_feature                         0x080045d5   Thumb Code    50  usbd_sdr.o(i.usbd_set_feature)
    i.usbd_set_stall                         0x08004608   Section        0  usbd_core.o(i.usbd_set_stall)
    i.usbd_setup_request_parse               0x08004690   Section        0  usbd_sdr.o(i.usbd_setup_request_parse)
    i.usbd_sof_handler                       0x080046b8   Section        0  usbd_int.o(i.usbd_sof_handler)
    i.usbd_suspend_handler                   0x080046cc   Section        0  usbd_int.o(i.usbd_suspend_handler)
    i.usbd_unicode_convert                   0x080046f6   Section        0  cdc_desc.o(i.usbd_unicode_convert)
    usbd_unicode_convert                     0x080046f7   Thumb Code    60  cdc_desc.o(i.usbd_unicode_convert)
    i.usbd_wakeup_handler                    0x08004732   Section        0  usbd_int.o(i.usbd_wakeup_handler)
    i.wk_acc_init                            0x08004756   Section        0  wk_acc.o(i.wk_acc_init)
    i.wk_debug_config                        0x0800477c   Section        0  wk_debug.o(i.wk_debug_config)
    i.wk_gpio_config                         0x0800478c   Section        0  wk_gpio.o(i.wk_gpio_config)
    i.wk_nvic_config                         0x080047c8   Section        0  at32f403a_407_wk_config.o(i.wk_nvic_config)
    i.wk_periph_clock_config                 0x080048a8   Section        0  at32f403a_407_wk_config.o(i.wk_periph_clock_config)
    i.wk_spi1_init                           0x0800490c   Section        0  wk_spi.o(i.wk_spi1_init)
    i.wk_system_clock_config                 0x080049dc   Section        0  at32f403a_407_wk_config.o(i.wk_system_clock_config)
    i.wk_timebase_init                       0x08004a74   Section        0  wk_system.o(i.wk_timebase_init)
    i.wk_tmr1_init                           0x08004ab8   Section        0  wk_tmr.o(i.wk_tmr1_init)
    i.wk_tmr2_init                           0x08004d78   Section        0  wk_tmr.o(i.wk_tmr2_init)
    i.wk_usb_app_init                        0x08004dc4   Section        0  usb_app.o(i.wk_usb_app_init)
    i.wk_usb_app_task                        0x08004df0   Section        0  usb_app.o(i.wk_usb_app_task)
    i.wk_usbfs_init                          0x08004e90   Section        0  wk_usbfs.o(i.wk_usbfs_init)
    i.wk_usbfs_irq_handler                   0x08004ea0   Section        0  usb_app.o(i.wk_usbfs_irq_handler)
    .constdata                               0x08004eb0   Section       40  at32f403a_407_crm.o(.constdata)
    sclk_ahb_div_table                       0x08004eb0   Data          16  at32f403a_407_crm.o(.constdata)
    ahb_apb1_div_table                       0x08004ec0   Data           8  at32f403a_407_crm.o(.constdata)
    ahb_apb2_div_table                       0x08004ec8   Data           8  at32f403a_407_crm.o(.constdata)
    adc_div_table                            0x08004ed0   Data           8  at32f403a_407_crm.o(.constdata)
    .constdata                               0x08004ed8   Section       16  system_at32f403a_407.o(.constdata)
    sys_ahb_div_table                        0x08004ed8   Data          16  system_at32f403a_407.o(.constdata)
    .data                                    0x20000000   Section        4  wk_system.o(.data)
    .data                                    0x20000004   Section        1  usb_app.o(.data)
    send_zero_packet                         0x20000004   Data           1  usb_app.o(.data)
    .data                                    0x20000008   Section        6  at32f403a_407_usb.o(.data)
    g_usb_offset_addr                        0x2000000c   Data           2  at32f403a_407_usb.o(.data)
    .data                                    0x20000010   Section        4  system_at32f403a_407.o(.data)
    .data                                    0x20000014   Section        1  usbd_sdr.o(.data)
    config_value                             0x20000014   Data           1  usbd_sdr.o(.data)
    .data                                    0x20000018   Section       16  mt6701.o(.data)
    .data                                    0x20000028   Section       64  foc.o(.data)
    .data                                    0x20000068   Section        8  delay.o(.data)
    fac_us                                   0x20000068   Data           4  delay.o(.data)
    fac_ms                                   0x2000006c   Data           4  delay.o(.data)
    .data                                    0x20000070   Section       48  cdc_class.o(.data)
    .data                                    0x200000a0   Section      200  cdc_desc.o(.data)
    g_usbd_descriptor                        0x200000c8   Data          18  cdc_desc.o(.data)
    g_usbd_configuration                     0x200000dc   Data          67  cdc_desc.o(.data)
    g_string_lang_id                         0x20000120   Data           4  cdc_desc.o(.data)
    g_string_serial                          0x20000124   Data          26  cdc_desc.o(.data)
    device_descriptor                        0x20000140   Data           8  cdc_desc.o(.data)
    config_descriptor                        0x20000148   Data           8  cdc_desc.o(.data)
    langid_descriptor                        0x20000150   Data           8  cdc_desc.o(.data)
    serial_descriptor                        0x20000158   Data           8  cdc_desc.o(.data)
    vp_desc                                  0x20000160   Data           8  cdc_desc.o(.data)
    .data                                    0x20000168   Section        4  errno.o(.data)
    _errno                                   0x20000168   Data           4  errno.o(.data)
    .bss                                     0x2000016c   Section     1068  usb_app.o(.bss)
    .bss                                     0x20000598   Section      128  log.o(.bss)
    .bss                                     0x20000618   Section       92  cdc_class.o(.bss)
    .bss                                     0x20000674   Section      256  cdc_desc.o(.bss)
    g_usbd_desc_buffer                       0x20000674   Data         256  cdc_desc.o(.bss)
    STACK                                    0x20000778   Section     1024  startup_at32f403a_407.o(STACK)

    Global Symbols

    Symbol Name                              Value     Ov Type        Size  Object(Section)

    BuildAttributes$$THM_ISAv4$E$P$D$K$B$S$7EM$VFPi3$EXTD16$VFPS$VFMA$PE$A:L22UL41UL21$X:L11$S22US41US21$IEEE1$IW$USESV6$~STKCKD$USESV7$~SHL$OTIME$ROPI$IEEEX$EBA8$MICROLIB$REQ8$PRES8$EABIv2 0x00000000   Number         0  anon$$obj.o ABSOLUTE
    __ARM_use_no_argv                        0x00000000   Number         0  main.o ABSOLUTE
    __arm_fini_                               - Undefined Weak Reference
    __cpp_initialize__aeabi_                  - Undefined Weak Reference
    __cxa_finalize                            - Undefined Weak Reference
    _clock_init                               - Undefined Weak Reference
    _microlib_exit                            - Undefined Weak Reference
    __Vectors_Size                           0x00000184   Number         0  startup_at32f403a_407.o ABSOLUTE
    __Vectors                                0x08000000   Data           4  startup_at32f403a_407.o(RESET)
    __Vectors_End                            0x08000184   Data           0  startup_at32f403a_407.o(RESET)
    __main                                   0x08000185   Thumb Code     0  entry.o(.ARM.Collect$$$$00000000)
    _main_stk                                0x08000185   Thumb Code     0  entry2.o(.ARM.Collect$$$$00000001)
    _main_scatterload                        0x08000189   Thumb Code     0  entry5.o(.ARM.Collect$$$$00000004)
    __main_after_scatterload                 0x0800018d   Thumb Code     0  entry5.o(.ARM.Collect$$$$00000004)
    _main_clock                              0x0800018d   Thumb Code     0  entry7b.o(.ARM.Collect$$$$00000008)
    _main_cpp_init                           0x0800018d   Thumb Code     0  entry8b.o(.ARM.Collect$$$$0000000A)
    _main_init                               0x0800018d   Thumb Code     0  entry9a.o(.ARM.Collect$$$$0000000B)
    __rt_lib_shutdown_fini                   0x08000195   Thumb Code     0  entry12b.o(.ARM.Collect$$$$0000000E)
    __rt_final_cpp                           0x08000199   Thumb Code     0  entry10a.o(.ARM.Collect$$$$0000000F)
    __rt_final_exit                          0x08000199   Thumb Code     0  entry11a.o(.ARM.Collect$$$$00000011)
    Reset_Handler                            0x0800019d   Thumb Code     8  startup_at32f403a_407.o(.text)
    ACC_IRQHandler                           0x080001b7   Thumb Code     0  startup_at32f403a_407.o(.text)
    ADC1_2_IRQHandler                        0x080001b7   Thumb Code     0  startup_at32f403a_407.o(.text)
    ADC3_IRQHandler                          0x080001b7   Thumb Code     0  startup_at32f403a_407.o(.text)
    CAN1_RX1_IRQHandler                      0x080001b7   Thumb Code     0  startup_at32f403a_407.o(.text)
    CAN1_SE_IRQHandler                       0x080001b7   Thumb Code     0  startup_at32f403a_407.o(.text)
    CAN2_RX0_IRQHandler                      0x080001b7   Thumb Code     0  startup_at32f403a_407.o(.text)
    CAN2_RX1_IRQHandler                      0x080001b7   Thumb Code     0  startup_at32f403a_407.o(.text)
    CAN2_SE_IRQHandler                       0x080001b7   Thumb Code     0  startup_at32f403a_407.o(.text)
    CAN2_TX_IRQHandler                       0x080001b7   Thumb Code     0  startup_at32f403a_407.o(.text)
    CRM_IRQHandler                           0x080001b7   Thumb Code     0  startup_at32f403a_407.o(.text)
    DMA1_Channel1_IRQHandler                 0x080001b7   Thumb Code     0  startup_at32f403a_407.o(.text)
    DMA1_Channel2_IRQHandler                 0x080001b7   Thumb Code     0  startup_at32f403a_407.o(.text)
    DMA1_Channel3_IRQHandler                 0x080001b7   Thumb Code     0  startup_at32f403a_407.o(.text)
    DMA1_Channel4_IRQHandler                 0x080001b7   Thumb Code     0  startup_at32f403a_407.o(.text)
    DMA1_Channel5_IRQHandler                 0x080001b7   Thumb Code     0  startup_at32f403a_407.o(.text)
    DMA1_Channel6_IRQHandler                 0x080001b7   Thumb Code     0  startup_at32f403a_407.o(.text)
    DMA1_Channel7_IRQHandler                 0x080001b7   Thumb Code     0  startup_at32f403a_407.o(.text)
    DMA2_Channel1_IRQHandler                 0x080001b7   Thumb Code     0  startup_at32f403a_407.o(.text)
    DMA2_Channel2_IRQHandler                 0x080001b7   Thumb Code     0  startup_at32f403a_407.o(.text)
    DMA2_Channel3_IRQHandler                 0x080001b7   Thumb Code     0  startup_at32f403a_407.o(.text)
    DMA2_Channel4_5_IRQHandler               0x080001b7   Thumb Code     0  startup_at32f403a_407.o(.text)
    DMA2_Channel6_7_IRQHandler               0x080001b7   Thumb Code     0  startup_at32f403a_407.o(.text)
    EMAC_IRQHandler                          0x080001b7   Thumb Code     0  startup_at32f403a_407.o(.text)
    EMAC_WKUP_IRQHandler                     0x080001b7   Thumb Code     0  startup_at32f403a_407.o(.text)
    EXINT0_IRQHandler                        0x080001b7   Thumb Code     0  startup_at32f403a_407.o(.text)
    EXINT15_10_IRQHandler                    0x080001b7   Thumb Code     0  startup_at32f403a_407.o(.text)
    EXINT1_IRQHandler                        0x080001b7   Thumb Code     0  startup_at32f403a_407.o(.text)
    EXINT2_IRQHandler                        0x080001b7   Thumb Code     0  startup_at32f403a_407.o(.text)
    EXINT3_IRQHandler                        0x080001b7   Thumb Code     0  startup_at32f403a_407.o(.text)
    EXINT4_IRQHandler                        0x080001b7   Thumb Code     0  startup_at32f403a_407.o(.text)
    EXINT9_5_IRQHandler                      0x080001b7   Thumb Code     0  startup_at32f403a_407.o(.text)
    FLASH_IRQHandler                         0x080001b7   Thumb Code     0  startup_at32f403a_407.o(.text)
    I2C1_ERR_IRQHandler                      0x080001b7   Thumb Code     0  startup_at32f403a_407.o(.text)
    I2C1_EVT_IRQHandler                      0x080001b7   Thumb Code     0  startup_at32f403a_407.o(.text)
    I2C2_ERR_IRQHandler                      0x080001b7   Thumb Code     0  startup_at32f403a_407.o(.text)
    I2C2_EVT_IRQHandler                      0x080001b7   Thumb Code     0  startup_at32f403a_407.o(.text)
    I2C3_ERR_IRQHandler                      0x080001b7   Thumb Code     0  startup_at32f403a_407.o(.text)
    I2C3_EVT_IRQHandler                      0x080001b7   Thumb Code     0  startup_at32f403a_407.o(.text)
    PVM_IRQHandler                           0x080001b7   Thumb Code     0  startup_at32f403a_407.o(.text)
    RTCAlarm_IRQHandler                      0x080001b7   Thumb Code     0  startup_at32f403a_407.o(.text)
    RTC_IRQHandler                           0x080001b7   Thumb Code     0  startup_at32f403a_407.o(.text)
    SDIO1_IRQHandler                         0x080001b7   Thumb Code     0  startup_at32f403a_407.o(.text)
    SDIO2_IRQHandler                         0x080001b7   Thumb Code     0  startup_at32f403a_407.o(.text)
    SPI2_I2S2EXT_IRQHandler                  0x080001b7   Thumb Code     0  startup_at32f403a_407.o(.text)
    SPI3_I2S3EXT_IRQHandler                  0x080001b7   Thumb Code     0  startup_at32f403a_407.o(.text)
    SPI4_IRQHandler                          0x080001b7   Thumb Code     0  startup_at32f403a_407.o(.text)
    TAMPER_IRQHandler                        0x080001b7   Thumb Code     0  startup_at32f403a_407.o(.text)
    TMR1_BRK_TMR9_IRQHandler                 0x080001b7   Thumb Code     0  startup_at32f403a_407.o(.text)
    TMR1_CH_IRQHandler                       0x080001b7   Thumb Code     0  startup_at32f403a_407.o(.text)
    TMR1_OVF_TMR10_IRQHandler                0x080001b7   Thumb Code     0  startup_at32f403a_407.o(.text)
    TMR1_TRG_HALL_TMR11_IRQHandler           0x080001b7   Thumb Code     0  startup_at32f403a_407.o(.text)
    TMR3_GLOBAL_IRQHandler                   0x080001b7   Thumb Code     0  startup_at32f403a_407.o(.text)
    TMR4_GLOBAL_IRQHandler                   0x080001b7   Thumb Code     0  startup_at32f403a_407.o(.text)
    TMR5_GLOBAL_IRQHandler                   0x080001b7   Thumb Code     0  startup_at32f403a_407.o(.text)
    TMR6_GLOBAL_IRQHandler                   0x080001b7   Thumb Code     0  startup_at32f403a_407.o(.text)
    TMR7_GLOBAL_IRQHandler                   0x080001b7   Thumb Code     0  startup_at32f403a_407.o(.text)
    TMR8_BRK_TMR12_IRQHandler                0x080001b7   Thumb Code     0  startup_at32f403a_407.o(.text)
    TMR8_CH_IRQHandler                       0x080001b7   Thumb Code     0  startup_at32f403a_407.o(.text)
    TMR8_OVF_TMR13_IRQHandler                0x080001b7   Thumb Code     0  startup_at32f403a_407.o(.text)
    TMR8_TRG_HALL_TMR14_IRQHandler           0x080001b7   Thumb Code     0  startup_at32f403a_407.o(.text)
    UART4_IRQHandler                         0x080001b7   Thumb Code     0  startup_at32f403a_407.o(.text)
    UART5_IRQHandler                         0x080001b7   Thumb Code     0  startup_at32f403a_407.o(.text)
    UART7_IRQHandler                         0x080001b7   Thumb Code     0  startup_at32f403a_407.o(.text)
    UART8_IRQHandler                         0x080001b7   Thumb Code     0  startup_at32f403a_407.o(.text)
    USART1_IRQHandler                        0x080001b7   Thumb Code     0  startup_at32f403a_407.o(.text)
    USART2_IRQHandler                        0x080001b7   Thumb Code     0  startup_at32f403a_407.o(.text)
    USART3_IRQHandler                        0x080001b7   Thumb Code     0  startup_at32f403a_407.o(.text)
    USART6_IRQHandler                        0x080001b7   Thumb Code     0  startup_at32f403a_407.o(.text)
    USBFSWakeUp_IRQHandler                   0x080001b7   Thumb Code     0  startup_at32f403a_407.o(.text)
    USBFS_H_CAN1_TX_IRQHandler               0x080001b7   Thumb Code     0  startup_at32f403a_407.o(.text)
    USBFS_L_CAN1_RX0_IRQHandler              0x080001b7   Thumb Code     0  startup_at32f403a_407.o(.text)
    USBFS_MAPH_IRQHandler                    0x080001b7   Thumb Code     0  startup_at32f403a_407.o(.text)
    WWDT_IRQHandler                          0x080001b7   Thumb Code     0  startup_at32f403a_407.o(.text)
    XMC_IRQHandler                           0x080001b7   Thumb Code     0  startup_at32f403a_407.o(.text)
    __aeabi_f2d                              0x080001c1   Thumb Code    38  f2d.o(.text)
    __aeabi_cdcmpeq                          0x080001e9   Thumb Code     0  cdcmple.o(.text)
    __aeabi_cdcmple                          0x080001e9   Thumb Code    48  cdcmple.o(.text)
    __aeabi_d2f                              0x08000219   Thumb Code    56  d2f.o(.text)
    __aeabi_uidiv                            0x08000251   Thumb Code     0  uidiv.o(.text)
    __aeabi_uidivmod                         0x08000251   Thumb Code    44  uidiv.o(.text)
    __aeabi_uldivmod                         0x0800027d   Thumb Code    98  uldiv.o(.text)
    __I$use$fp                               0x080002df   Thumb Code     0  iusefp.o(.text)
    _float_round                             0x080002df   Thumb Code    18  fepilogue.o(.text)
    _float_epilogue                          0x080002f1   Thumb Code    92  fepilogue.o(.text)
    __aeabi_dadd                             0x0800034d   Thumb Code   322  dadd.o(.text)
    __aeabi_dsub                             0x0800048f   Thumb Code     6  dadd.o(.text)
    __aeabi_drsub                            0x08000495   Thumb Code     6  dadd.o(.text)
    __aeabi_dmul                             0x0800049b   Thumb Code   228  dmul.o(.text)
    __aeabi_ddiv                             0x0800057f   Thumb Code   222  ddiv.o(.text)
    _drem                                    0x0800065d   Thumb Code   134  drem.o(.text)
    __aeabi_d2ulz                            0x080006e3   Thumb Code    48  dfixul.o(.text)
    __aeabi_cdrcmple                         0x08000715   Thumb Code    48  cdrcmple.o(.text)
    __scatterload                            0x08000745   Thumb Code    28  init.o(.text)
    __scatterload_rt2                        0x08000745   Thumb Code     0  init.o(.text)
    __aeabi_llsl                             0x08000769   Thumb Code    30  llshl.o(.text)
    _ll_shift_l                              0x08000769   Thumb Code     0  llshl.o(.text)
    __aeabi_llsr                             0x08000787   Thumb Code    32  llushr.o(.text)
    _ll_ushift_r                             0x08000787   Thumb Code     0  llushr.o(.text)
    __aeabi_lasr                             0x080007a7   Thumb Code    36  llsshr.o(.text)
    _ll_sshift_r                             0x080007a7   Thumb Code     0  llsshr.o(.text)
    _double_round                            0x080007cb   Thumb Code    30  depilogue.o(.text)
    _double_epilogue                         0x080007e9   Thumb Code   156  depilogue.o(.text)
    __decompress                             0x08000885   Thumb Code     0  __dczerorl2.o(.text)
    __decompress1                            0x08000885   Thumb Code    86  __dczerorl2.o(.text)
    Angle_limit                              0x080008dd   Thumb Code    88  foc.o(i.Angle_limit)
    BusFault_Handler                         0x08000941   Thumb Code     4  at32f403a_407_int.o(i.BusFault_Handler)
    DebugMon_Handler                         0x08000945   Thumb Code     2  at32f403a_407_int.o(i.DebugMon_Handler)
    HardFault_Handler                        0x08000947   Thumb Code     4  at32f403a_407_int.o(i.HardFault_Handler)
    MT6701_GetAngle                          0x0800094d   Thumb Code   120  mt6701.o(i.MT6701_GetAngle)
    MT6701_GetAngleWrapper                   0x080009d1   Thumb Code    10  mt6701.o(i.MT6701_GetAngleWrapper)
    MemManage_Handler                        0x080009e1   Thumb Code     4  at32f403a_407_int.o(i.MemManage_Handler)
    NMI_Handler                              0x080009e5   Thumb Code     2  at32f403a_407_int.o(i.NMI_Handler)
    PackFloatArrayToBytes                    0x08000a27   Thumb Code    64  log.o(i.PackFloatArrayToBytes)
    PendSV_Handler                           0x08000a67   Thumb Code     2  at32f403a_407_int.o(i.PendSV_Handler)
    SPI1_IRQHandler                          0x08000a69   Thumb Code     2  at32f403a_407_int.o(i.SPI1_IRQHandler)
    SPIx_ReadWriteByte                       0x08000a6b   Thumb Code    90  mt6701.o(i.SPIx_ReadWriteByte)
    SVC_Handler                              0x08000ac5   Thumb Code     2  at32f403a_407_int.o(i.SVC_Handler)
    SysTick_Handler                          0x08000ac7   Thumb Code     2  at32f403a_407_int.o(i.SysTick_Handler)
    SystemInit                               0x08000ac9   Thumb Code   100  system_at32f403a_407.o(i.SystemInit)
    TMR2_GLOBAL_IRQHandler                   0x08000b39   Thumb Code    36  at32f403a_407_int.o(i.TMR2_GLOBAL_IRQHandler)
    USBFS_MAPL_IRQHandler                    0x08000b61   Thumb Code     8  at32f403a_407_int.o(i.USBFS_MAPL_IRQHandler)
    UsageFault_Handler                       0x08000b69   Thumb Code     4  at32f403a_407_int.o(i.UsageFault_Handler)
    __0vsnprintf                             0x08000b6d   Thumb Code    46  printfa.o(i.__0vsnprintf)
    __1vsnprintf                             0x08000b6d   Thumb Code     0  printfa.o(i.__0vsnprintf)
    __2vsnprintf                             0x08000b6d   Thumb Code     0  printfa.o(i.__0vsnprintf)
    __c89vsnprintf                           0x08000b6d   Thumb Code     0  printfa.o(i.__0vsnprintf)
    vsnprintf                                0x08000b6d   Thumb Code     0  printfa.o(i.__0vsnprintf)
    __hardfp_fabs                            0x08000bd9   Thumb Code    20  fabs.o(i.__hardfp_fabs)
    __hardfp_fmod                            0x08000bed   Thumb Code   254  fmod.o(i.__hardfp_fmod)
    __mathlib_dbl_invalid                    0x08000cf1   Thumb Code    24  dunder.o(i.__mathlib_dbl_invalid)
    __scatterload_copy                       0x08000d11   Thumb Code    14  handlers.o(i.__scatterload_copy)
    __scatterload_null                       0x08000d1f   Thumb Code     2  handlers.o(i.__scatterload_null)
    __scatterload_zeroinit                   0x08000d21   Thumb Code    14  handlers.o(i.__scatterload_zeroinit)
    __set_errno                              0x08000d31   Thumb Code     6  errno.o(i.__set_errno)
    _electricalAngle                         0x08000d3d   Thumb Code    32  foc.o(i._electricalAngle)
    acc_calibration_mode_enable              0x080015fd   Thumb Code    44  at32f403a_407_acc.o(i.acc_calibration_mode_enable)
    acc_write_c1                             0x0800162d   Thumb Code     6  at32f403a_407_acc.o(i.acc_write_c1)
    acc_write_c2                             0x08001639   Thumb Code     6  at32f403a_407_acc.o(i.acc_write_c2)
    acc_write_c3                             0x08001645   Thumb Code     6  at32f403a_407_acc.o(i.acc_write_c3)
    angle_init                               0x08001651   Thumb Code   178  foc.o(i.angle_init)
    crm_ahb_div_set                          0x08001941   Thumb Code    14  at32f403a_407_crm.o(i.crm_ahb_div_set)
    crm_apb1_div_set                         0x08001955   Thumb Code    14  at32f403a_407_crm.o(i.crm_apb1_div_set)
    crm_apb2_div_set                         0x08001969   Thumb Code    14  at32f403a_407_crm.o(i.crm_apb2_div_set)
    crm_auto_step_mode_enable                0x0800197d   Thumb Code    34  at32f403a_407_crm.o(i.crm_auto_step_mode_enable)
    crm_clock_source_enable                  0x080019a5   Thumb Code    90  at32f403a_407_crm.o(i.crm_clock_source_enable)
    crm_clocks_freq_get                      0x08001a05   Thumb Code   268  at32f403a_407_crm.o(i.crm_clocks_freq_get)
    crm_flag_get                             0x08001b31   Thumb Code    42  at32f403a_407_crm.o(i.crm_flag_get)
    crm_hext_stable_wait                     0x08001b61   Thumb Code    46  at32f403a_407_crm.o(i.crm_hext_stable_wait)
    crm_hick_divider_select                  0x08001b91   Thumb Code    14  at32f403a_407_crm.o(i.crm_hick_divider_select)
    crm_hick_sclk_frequency_select           0x08001ba5   Thumb Code    24  at32f403a_407_crm.o(i.crm_hick_sclk_frequency_select)
    crm_periph_clock_enable                  0x08001bc1   Thumb Code    62  at32f403a_407_crm.o(i.crm_periph_clock_enable)
    crm_pll_config                           0x08001c05   Thumb Code   118  at32f403a_407_crm.o(i.crm_pll_config)
    crm_reset                                0x08001c81   Thumb Code    80  at32f403a_407_crm.o(i.crm_reset)
    crm_sysclk_switch                        0x08001cd9   Thumb Code    54  at32f403a_407_crm.o(i.crm_sysclk_switch)
    crm_sysclk_switch_status_get             0x08001d15   Thumb Code    10  at32f403a_407_crm.o(i.crm_sysclk_switch_status_get)
    crm_usb_clock_source_select              0x08001d25   Thumb Code    26  at32f403a_407_crm.o(i.crm_usb_clock_source_select)
    crm_usb_interrupt_remapping_set          0x08001d45   Thumb Code    14  at32f403a_407_crm.o(i.crm_usb_interrupt_remapping_set)
    delay_init                               0x08001d59   Thumb Code    38  delay.o(i.delay_init)
    delay_ms                                 0x08001d91   Thumb Code   110  delay.o(i.delay_ms)
    getCorrectedElectricalAngle              0x08001f91   Thumb Code   126  foc.o(i.getCorrectedElectricalAngle)
    gpio_bits_reset                          0x0800215d   Thumb Code     4  at32f403a_407_gpio.o(i.gpio_bits_reset)
    gpio_bits_set                            0x08002161   Thumb Code     4  at32f403a_407_gpio.o(i.gpio_bits_set)
    gpio_default_para_init                   0x08002165   Thumb Code    22  at32f403a_407_gpio.o(i.gpio_default_para_init)
    gpio_init                                0x0800217b   Thumb Code   168  at32f403a_407_gpio.o(i.gpio_init)
    gpio_pin_remap_config                    0x08002225   Thumb Code    70  at32f403a_407_gpio.o(i.gpio_pin_remap_config)
    limit                                    0x08002271   Thumb Code    36  foc.o(i.limit)
    main                                     0x08002295   Thumb Code    88  main.o(i.main)
    nvic_irq_enable                          0x080022f1   Thumb Code   190  at32f403a_407_misc.o(i.nvic_irq_enable)
    nvic_priority_group_config               0x080023b9   Thumb Code    32  at32f403a_407_misc.o(i.nvic_priority_group_config)
    setPhaseVoltage                          0x080023e1   Thumb Code   288  foc.o(i.setPhaseVoltage)
    setpwm                                   0x08002529   Thumb Code   276  foc.o(i.setpwm)
    spi_crc_enable                           0x08002655   Thumb Code    10  at32f403a_407_spi.o(i.spi_crc_enable)
    spi_crc_polynomial_set                   0x0800265f   Thumb Code    10  at32f403a_407_spi.o(i.spi_crc_polynomial_set)
    spi_default_para_init                    0x08002669   Thumb Code    22  at32f403a_407_spi.o(i.spi_default_para_init)
    spi_enable                               0x0800267f   Thumb Code    10  at32f403a_407_spi.o(i.spi_enable)
    spi_i2s_data_receive                     0x08002689   Thumb Code     8  at32f403a_407_spi.o(i.spi_i2s_data_receive)
    spi_i2s_data_transmit                    0x08002691   Thumb Code     4  at32f403a_407_spi.o(i.spi_i2s_data_transmit)
    spi_i2s_flag_get                         0x08002695   Thumb Code    16  at32f403a_407_spi.o(i.spi_i2s_flag_get)
    spi_init                                 0x080026a5   Thumb Code   292  at32f403a_407_spi.o(i.spi_init)
    strong_drag                              0x080027c9   Thumb Code   214  foc.o(i.strong_drag)
    system_core_clock_update                 0x080028b9   Thumb Code   222  system_at32f403a_407.o(i.system_core_clock_update)
    systick_clock_source_config              0x080029b1   Thumb Code    40  at32f403a_407_misc.o(i.systick_clock_source_config)
    tmr_base_init                            0x080029d9   Thumb Code    16  at32f403a_407_tmr.o(i.tmr_base_init)
    tmr_brkdt_config                         0x080029e9   Thumb Code    72  at32f403a_407_tmr.o(i.tmr_brkdt_config)
    tmr_channel_value_set                    0x08002a31   Thumb Code    40  at32f403a_407_tmr.o(i.tmr_channel_value_set)
    tmr_clock_source_div_set                 0x08002a59   Thumb Code    10  at32f403a_407_tmr.o(i.tmr_clock_source_div_set)
    tmr_cnt_dir_set                          0x08002a63   Thumb Code    10  at32f403a_407_tmr.o(i.tmr_cnt_dir_set)
    tmr_counter_enable                       0x08002a6d   Thumb Code    10  at32f403a_407_tmr.o(i.tmr_counter_enable)
    tmr_flag_clear                           0x08002a77   Thumb Code     6  at32f403a_407_tmr.o(i.tmr_flag_clear)
    tmr_interrupt_enable                     0x08002a7d   Thumb Code    22  at32f403a_407_tmr.o(i.tmr_interrupt_enable)
    tmr_output_channel_buffer_enable         0x08002a93   Thumb Code    66  at32f403a_407_tmr.o(i.tmr_output_channel_buffer_enable)
    tmr_output_channel_config                0x08002ad5   Thumb Code   416  at32f403a_407_tmr.o(i.tmr_output_channel_config)
    tmr_output_channel_immediately_set       0x08002c75   Thumb Code    66  at32f403a_407_tmr.o(i.tmr_output_channel_immediately_set)
    tmr_output_enable                        0x08002cb7   Thumb Code    10  at32f403a_407_tmr.o(i.tmr_output_enable)
    tmr_period_buffer_enable                 0x08002cc1   Thumb Code    10  at32f403a_407_tmr.o(i.tmr_period_buffer_enable)
    tmr_primary_mode_select                  0x08002ccb   Thumb Code    10  at32f403a_407_tmr.o(i.tmr_primary_mode_select)
    tmr_repetition_counter_set               0x08002cd5   Thumb Code    10  at32f403a_407_tmr.o(i.tmr_repetition_counter_set)
    tmr_sub_sync_mode_set                    0x08002cdf   Thumb Code    10  at32f403a_407_tmr.o(i.tmr_sub_sync_mode_set)
    usb_buffer_free                          0x08002ce9   Thumb Code     8  at32f403a_407_usb.o(i.usb_buffer_free)
    usb_buffer_malloc                        0x08002cf5   Thumb Code    16  at32f403a_407_usb.o(i.usb_buffer_malloc)
    usb_connect                              0x08002d09   Thumb Code    18  at32f403a_407_usb.o(i.usb_connect)
    usb_dev_init                             0x08002d1b   Thumb Code    36  at32f403a_407_usb.o(i.usb_dev_init)
    usb_enter_suspend                        0x08002d3f   Thumb Code    22  at32f403a_407_usb.o(i.usb_enter_suspend)
    usb_ept_close                            0x08002d55   Thumb Code   568  at32f403a_407_usb.o(i.usb_ept_close)
    usb_ept_open                             0x08002f91   Thumb Code  1292  at32f403a_407_usb.o(i.usb_ept_open)
    usb_exit_suspend                         0x080034a1   Thumb Code    18  at32f403a_407_usb.o(i.usb_exit_suspend)
    usb_flag_clear                           0x080034b3   Thumb Code     6  at32f403a_407_usb.o(i.usb_flag_clear)
    usb_interrupt_enable                     0x080034b9   Thumb Code    20  at32f403a_407_usb.o(i.usb_interrupt_enable)
    usb_printf                               0x080034cd   Thumb Code    68  log.o(i.usb_printf)
    usb_read_packet                          0x08003519   Thumb Code    40  at32f403a_407_usb.o(i.usb_read_packet)
    usb_set_address                          0x08003545   Thumb Code    20  at32f403a_407_usb.o(i.usb_set_address)
    usb_vcp_get_rxdata                       0x080035cd   Thumb Code    80  cdc_class.o(i.usb_vcp_get_rxdata)
    usb_vcp_send_data                        0x0800361d   Thumb Code    58  cdc_class.o(i.usb_vcp_send_data)
    usb_write_packet                         0x08003659   Thumb Code    40  at32f403a_407_usb.o(i.usb_write_packet)
    usbd_clear_stall                         0x080036d9   Thumb Code   294  usbd_core.o(i.usbd_clear_stall)
    usbd_connect                             0x08003805   Thumb Code    12  usbd_core.o(i.usbd_connect)
    usbd_core_in_handler                     0x08003811   Thumb Code   186  usbd_core.o(i.usbd_core_in_handler)
    usbd_core_init                           0x080038cb   Thumb Code    44  usbd_core.o(i.usbd_core_init)
    usbd_core_out_handler                    0x080038f7   Thumb Code   120  usbd_core.o(i.usbd_core_out_handler)
    usbd_core_setup_handler                  0x0800396f   Thumb Code    84  usbd_core.o(i.usbd_core_setup_handler)
    usbd_ctrl_recv                           0x080039c3   Thumb Code    36  usbd_core.o(i.usbd_ctrl_recv)
    usbd_ctrl_recv_status                    0x080039e7   Thumb Code    24  usbd_core.o(i.usbd_ctrl_recv_status)
    usbd_ctrl_send                           0x080039ff   Thumb Code    40  usbd_core.o(i.usbd_ctrl_send)
    usbd_ctrl_send_status                    0x08003a27   Thumb Code    24  usbd_core.o(i.usbd_ctrl_send_status)
    usbd_ctrl_unsupport                      0x08003a3f   Thumb Code    22  usbd_core.o(i.usbd_ctrl_unsupport)
    usbd_device_request                      0x08003a55   Thumb Code   128  usbd_sdr.o(i.usbd_device_request)
    usbd_endpoint_request                    0x08003ad5   Thumb Code   382  usbd_sdr.o(i.usbd_endpoint_request)
    usbd_enter_suspend                       0x08003c53   Thumb Code    12  usbd_core.o(i.usbd_enter_suspend)
    usbd_ept_buf_auto_define                 0x08003c5f   Thumb Code    68  usbd_core.o(i.usbd_ept_buf_auto_define)
    usbd_ept_close                           0x08003ca3   Thumb Code    48  usbd_core.o(i.usbd_ept_close)
    usbd_ept_defaut_init                     0x08003cd3   Thumb Code   196  usbd_core.o(i.usbd_ept_defaut_init)
    usbd_ept_loop_handler                    0x08003d97   Thumb Code    38  usbd_int.o(i.usbd_ept_loop_handler)
    usbd_ept_open                            0x08003dbd   Thumb Code    88  usbd_core.o(i.usbd_ept_open)
    usbd_ept_recv                            0x08003e15   Thumb Code   112  usbd_core.o(i.usbd_ept_recv)
    usbd_ept_send                            0x08003e89   Thumb Code   276  usbd_core.o(i.usbd_ept_send)
    usbd_eptn_handler                        0x08003fa9   Thumb Code   462  usbd_int.o(i.usbd_eptn_handler)
    usbd_get_recv_len                        0x080042f7   Thumb Code    20  usbd_core.o(i.usbd_get_recv_len)
    usbd_interface_request                   0x0800438d   Thumb Code    74  usbd_sdr.o(i.usbd_interface_request)
    usbd_irq_handler                         0x080043d7   Thumb Code   156  usbd_int.o(i.usbd_irq_handler)
    usbd_reset_handler                       0x08004473   Thumb Code    70  usbd_int.o(i.usbd_reset_handler)
    usbd_set_stall                           0x08004609   Thumb Code   132  usbd_core.o(i.usbd_set_stall)
    usbd_setup_request_parse                 0x08004691   Thumb Code    40  usbd_sdr.o(i.usbd_setup_request_parse)
    usbd_sof_handler                         0x080046b9   Thumb Code    20  usbd_int.o(i.usbd_sof_handler)
    usbd_suspend_handler                     0x080046cd   Thumb Code    42  usbd_int.o(i.usbd_suspend_handler)
    usbd_wakeup_handler                      0x08004733   Thumb Code    36  usbd_int.o(i.usbd_wakeup_handler)
    wk_acc_init                              0x08004757   Thumb Code    36  wk_acc.o(i.wk_acc_init)
    wk_debug_config                          0x0800477d   Thumb Code    12  wk_debug.o(i.wk_debug_config)
    wk_gpio_config                           0x0800478d   Thumb Code    54  wk_gpio.o(i.wk_gpio_config)
    wk_nvic_config                           0x080047c9   Thumb Code   222  at32f403a_407_wk_config.o(i.wk_nvic_config)
    wk_periph_clock_config                   0x080048a9   Thumb Code    90  at32f403a_407_wk_config.o(i.wk_periph_clock_config)
    wk_spi1_init                             0x0800490d   Thumb Code   198  wk_spi.o(i.wk_spi1_init)
    wk_system_clock_config                   0x080049dd   Thumb Code   146  at32f403a_407_wk_config.o(i.wk_system_clock_config)
    wk_timebase_init                         0x08004a75   Thumb Code    58  wk_system.o(i.wk_timebase_init)
    wk_tmr1_init                             0x08004ab9   Thumb Code   690  wk_tmr.o(i.wk_tmr1_init)
    wk_tmr2_init                             0x08004d79   Thumb Code    76  wk_tmr.o(i.wk_tmr2_init)
    wk_usb_app_init                          0x08004dc5   Thumb Code    26  usb_app.o(i.wk_usb_app_init)
    wk_usb_app_task                          0x08004df1   Thumb Code   130  usb_app.o(i.wk_usb_app_task)
    wk_usbfs_init                            0x08004e91   Thumb Code    16  wk_usbfs.o(i.wk_usbfs_init)
    wk_usbfs_irq_handler                     0x08004ea1   Thumb Code    10  usb_app.o(i.wk_usbfs_irq_handler)
    Region$$Table$$Base                      0x08004ee8   Number         0  anon$$obj.o(Region$$Table)
    Region$$Table$$Limit                     0x08004f08   Number         0  anon$$obj.o(Region$$Table)
    ticks_count_us                           0x20000000   Data           4  wk_system.o(.data)
    g_usb_packet_address                     0x20000008   Data           4  at32f403a_407_usb.o(.data)
    system_core_clock                        0x20000010   Data           4  system_at32f403a_407.o(.data)
    mt6701                                   0x20000018   Data          16  mt6701.o(.data)
    zero                                     0x20000028   Data           4  foc.o(.data)
    AD_Value                                 0x2000002c   Data           4  foc.o(.data)
    pwm_a                                    0x20000030   Data           4  foc.o(.data)
    pwm_b                                    0x20000034   Data           4  foc.o(.data)
    pwm_c                                    0x20000038   Data           4  foc.o(.data)
    Ualpha                                   0x2000003c   Data           4  foc.o(.data)
    Ubate                                    0x20000040   Data           4  foc.o(.data)
    Ialpha                                   0x20000044   Data           4  foc.o(.data)
    Ibeta                                    0x20000048   Data           4  foc.o(.data)
    Ua                                       0x2000004c   Data           4  foc.o(.data)
    Ub                                       0x20000050   Data           4  foc.o(.data)
    Uc                                       0x20000054   Data           4  foc.o(.data)
    Uq                                       0x20000058   Data           4  foc.o(.data)
    Ud                                       0x2000005c   Data           4  foc.o(.data)
    Iq                                       0x20000060   Data           4  foc.o(.data)
    Id                                       0x20000064   Data           4  foc.o(.data)
    linecoding                               0x20000070   Data           8  cdc_class.o(.data)
    cdc_class_handler                        0x20000078   Data          40  cdc_class.o(.data)
    cdc_desc_handler                         0x200000a0   Data          40  cdc_desc.o(.data)
    usb_core_dev                             0x2000016c   Data         556  usb_app.o(.bss)
    usbd_app_buffer_fs1                      0x20000398   Data         512  usb_app.o(.bss)
    usb_print_buffer                         0x20000598   Data         128  log.o(.bss)
    cdc_struct                               0x20000618   Data          92  cdc_class.o(.bss)
    __initial_sp                             0x20000b78   Data           0  startup_at32f403a_407.o(STACK)



==============================================================================

Memory Map of the image

  Image Entry point : 0x08000185

  Load Region LR_IROM1 (Base: 0x08000000, Size: 0x00005074, Max: 0x00100000, ABSOLUTE, COMPRESSED[0x00004fd0])

    Execution Region ER_IROM1 (Exec base: 0x08000000, Load base: 0x08000000, Size: 0x00004f08, Max: 0x00100000, ABSOLUTE)

    Exec Addr    Load Addr    Size         Type   Attr      Idx    E Section Name        Object

    0x08000000   0x08000000   0x00000184   Data   RO         2233    RESET               startup_at32f403a_407.o
    0x08000184   0x08000184   0x00000000   Code   RO         3136  * .ARM.Collect$$$$00000000  mc_w.l(entry.o)
    0x08000184   0x08000184   0x00000004   Code   RO         3187    .ARM.Collect$$$$00000001  mc_w.l(entry2.o)
    0x08000188   0x08000188   0x00000004   Code   RO         3190    .ARM.Collect$$$$00000004  mc_w.l(entry5.o)
    0x0800018c   0x0800018c   0x00000000   Code   RO         3192    .ARM.Collect$$$$00000008  mc_w.l(entry7b.o)
    0x0800018c   0x0800018c   0x00000000   Code   RO         3194    .ARM.Collect$$$$0000000A  mc_w.l(entry8b.o)
    0x0800018c   0x0800018c   0x00000008   Code   RO         3195    .ARM.Collect$$$$0000000B  mc_w.l(entry9a.o)
    0x08000194   0x08000194   0x00000004   Code   RO         3202    .ARM.Collect$$$$0000000E  mc_w.l(entry12b.o)
    0x08000198   0x08000198   0x00000000   Code   RO         3197    .ARM.Collect$$$$0000000F  mc_w.l(entry10a.o)
    0x08000198   0x08000198   0x00000000   Code   RO         3199    .ARM.Collect$$$$00000011  mc_w.l(entry11a.o)
    0x08000198   0x08000198   0x00000004   Code   RO         3188    .ARM.Collect$$$$00002712  mc_w.l(entry2.o)
    0x0800019c   0x0800019c   0x00000024   Code   RO         2234    .text               startup_at32f403a_407.o
    0x080001c0   0x080001c0   0x00000026   Code   RO         3167    .text               mf_w.l(f2d.o)
    0x080001e6   0x080001e6   0x00000002   PAD
    0x080001e8   0x080001e8   0x00000030   Code   RO         3169    .text               mf_w.l(cdcmple.o)
    0x08000218   0x08000218   0x00000038   Code   RO         3171    .text               mf_w.l(d2f.o)
    0x08000250   0x08000250   0x0000002c   Code   RO         3206    .text               mc_w.l(uidiv.o)
    0x0800027c   0x0800027c   0x00000062   Code   RO         3208    .text               mc_w.l(uldiv.o)
    0x080002de   0x080002de   0x00000000   Code   RO         3217    .text               mc_w.l(iusefp.o)
    0x080002de   0x080002de   0x0000006e   Code   RO         3218    .text               mf_w.l(fepilogue.o)
    0x0800034c   0x0800034c   0x0000014e   Code   RO         3220    .text               mf_w.l(dadd.o)
    0x0800049a   0x0800049a   0x000000e4   Code   RO         3222    .text               mf_w.l(dmul.o)
    0x0800057e   0x0800057e   0x000000de   Code   RO         3224    .text               mf_w.l(ddiv.o)
    0x0800065c   0x0800065c   0x00000086   Code   RO         3226    .text               mf_w.l(drem.o)
    0x080006e2   0x080006e2   0x00000030   Code   RO         3228    .text               mf_w.l(dfixul.o)
    0x08000712   0x08000712   0x00000002   PAD
    0x08000714   0x08000714   0x00000030   Code   RO         3230    .text               mf_w.l(cdrcmple.o)
    0x08000744   0x08000744   0x00000024   Code   RO         3232    .text               mc_w.l(init.o)
    0x08000768   0x08000768   0x0000001e   Code   RO         3235    .text               mc_w.l(llshl.o)
    0x08000786   0x08000786   0x00000020   Code   RO         3237    .text               mc_w.l(llushr.o)
    0x080007a6   0x080007a6   0x00000024   Code   RO         3239    .text               mc_w.l(llsshr.o)
    0x080007ca   0x080007ca   0x000000ba   Code   RO         3242    .text               mf_w.l(depilogue.o)
    0x08000884   0x08000884   0x00000056   Code   RO         3252    .text               mc_w.l(__dczerorl2.o)
    0x080008da   0x080008da   0x00000002   PAD
    0x080008dc   0x080008dc   0x00000064   Code   RO         2729    i.Angle_limit       foc.o
    0x08000940   0x08000940   0x00000004   Code   RO          201    i.BusFault_Handler  at32f403a_407_int.o
    0x08000944   0x08000944   0x00000002   Code   RO          202    i.DebugMon_Handler  at32f403a_407_int.o
    0x08000946   0x08000946   0x00000004   Code   RO          203    i.HardFault_Handler  at32f403a_407_int.o
    0x0800094a   0x0800094a   0x00000002   PAD
    0x0800094c   0x0800094c   0x00000084   Code   RO         2687    i.MT6701_GetAngle   mt6701.o
    0x080009d0   0x080009d0   0x00000010   Code   RO         2688    i.MT6701_GetAngleWrapper  mt6701.o
    0x080009e0   0x080009e0   0x00000004   Code   RO          204    i.MemManage_Handler  at32f403a_407_int.o
    0x080009e4   0x080009e4   0x00000002   Code   RO          205    i.NMI_Handler       at32f403a_407_int.o
    0x080009e6   0x080009e6   0x00000040   Code   RO          146    i.NVIC_EncodePriority  at32f403a_407_wk_config.o
    0x08000a26   0x08000a26   0x00000040   Code   RO         2593    i.PackFloatArrayToBytes  log.o
    0x08000a66   0x08000a66   0x00000002   Code   RO          206    i.PendSV_Handler    at32f403a_407_int.o
    0x08000a68   0x08000a68   0x00000002   Code   RO          207    i.SPI1_IRQHandler   at32f403a_407_int.o
    0x08000a6a   0x08000a6a   0x0000005a   Code   RO         2689    i.SPIx_ReadWriteByte  mt6701.o
    0x08000ac4   0x08000ac4   0x00000002   Code   RO          208    i.SVC_Handler       at32f403a_407_int.o
    0x08000ac6   0x08000ac6   0x00000002   Code   RO          209    i.SysTick_Handler   at32f403a_407_int.o
    0x08000ac8   0x08000ac8   0x00000070   Code   RO         2241    i.SystemInit        system_at32f403a_407.o
    0x08000b38   0x08000b38   0x00000028   Code   RO          210    i.TMR2_GLOBAL_IRQHandler  at32f403a_407_int.o
    0x08000b60   0x08000b60   0x00000008   Code   RO          211    i.USBFS_MAPL_IRQHandler  at32f403a_407_int.o
    0x08000b68   0x08000b68   0x00000004   Code   RO          212    i.UsageFault_Handler  at32f403a_407_int.o
    0x08000b6c   0x08000b6c   0x00000034   Code   RO         3145    i.__0vsnprintf      mc_w.l(printfa.o)
    0x08000ba0   0x08000ba0   0x00000010   Code   RO          147    i.__NVIC_GetPriorityGrouping  at32f403a_407_wk_config.o
    0x08000bb0   0x08000bb0   0x00000028   Code   RO          148    i.__NVIC_SetPriority  at32f403a_407_wk_config.o
    0x08000bd8   0x08000bd8   0x00000014   Code   RO         3118    i.__hardfp_fabs     m_wm.l(fabs.o)
    0x08000bec   0x08000bec   0x00000104   Code   RO         3124    i.__hardfp_fmod     m_wm.l(fmod.o)
    0x08000cf0   0x08000cf0   0x00000020   Code   RO         3176    i.__mathlib_dbl_invalid  m_wm.l(dunder.o)
    0x08000d10   0x08000d10   0x0000000e   Code   RO         3246    i.__scatterload_copy  mc_w.l(handlers.o)
    0x08000d1e   0x08000d1e   0x00000002   Code   RO         3247    i.__scatterload_null  mc_w.l(handlers.o)
    0x08000d20   0x08000d20   0x0000000e   Code   RO         3248    i.__scatterload_zeroinit  mc_w.l(handlers.o)
    0x08000d2e   0x08000d2e   0x00000002   PAD
    0x08000d30   0x08000d30   0x0000000c   Code   RO         3212    i.__set_errno       mc_w.l(errno.o)
    0x08000d3c   0x08000d3c   0x00000020   Code   RO         2730    i._electricalAngle  foc.o
    0x08000d5c   0x08000d5c   0x00000184   Code   RO         3147    i._fp_digits        mc_w.l(printfa.o)
    0x08000ee0   0x08000ee0   0x000006b4   Code   RO         3148    i._printf_core      mc_w.l(printfa.o)
    0x08001594   0x08001594   0x00000024   Code   RO         3149    i._printf_post_padding  mc_w.l(printfa.o)
    0x080015b8   0x080015b8   0x0000002e   Code   RO         3150    i._printf_pre_padding  mc_w.l(printfa.o)
    0x080015e6   0x080015e6   0x00000016   Code   RO         3151    i._snputc           mc_w.l(printfa.o)
    0x080015fc   0x080015fc   0x00000030   Code   RO         2102    i.acc_calibration_mode_enable  at32f403a_407_acc.o
    0x0800162c   0x0800162c   0x0000000c   Code   RO         2113    i.acc_write_c1      at32f403a_407_acc.o
    0x08001638   0x08001638   0x0000000c   Code   RO         2114    i.acc_write_c2      at32f403a_407_acc.o
    0x08001644   0x08001644   0x0000000c   Code   RO         2115    i.acc_write_c3      at32f403a_407_acc.o
    0x08001650   0x08001650   0x000000f0   Code   RO         2732    i.angle_init        foc.o
    0x08001740   0x08001740   0x00000038   Code   RO         2939    i.cdc_struct_init   cdc_class.o
    0x08001778   0x08001778   0x00000024   Code   RO         2940    i.class_clear_handler  cdc_class.o
    0x0800179c   0x0800179c   0x00000038   Code   RO         2941    i.class_ept0_rx_handler  cdc_class.o
    0x080017d4   0x080017d4   0x00000006   Code   RO         2942    i.class_ept0_tx_handler  cdc_class.o
    0x080017da   0x080017da   0x0000001e   Code   RO         2943    i.class_event_handler  cdc_class.o
    0x080017f8   0x080017f8   0x00000016   Code   RO         2944    i.class_in_handler  cdc_class.o
    0x0800180e   0x0800180e   0x0000004a   Code   RO         2945    i.class_init_handler  cdc_class.o
    0x08001858   0x08001858   0x0000002a   Code   RO         2946    i.class_out_handler  cdc_class.o
    0x08001882   0x08001882   0x000000b6   Code   RO         2947    i.class_setup_handler  cdc_class.o
    0x08001938   0x08001938   0x00000006   Code   RO         2948    i.class_sof_handler  cdc_class.o
    0x0800193e   0x0800193e   0x00000002   PAD
    0x08001940   0x08001940   0x00000014   Code   RO          561    i.crm_ahb_div_set   at32f403a_407_crm.o
    0x08001954   0x08001954   0x00000014   Code   RO          562    i.crm_apb1_div_set  at32f403a_407_crm.o
    0x08001968   0x08001968   0x00000014   Code   RO          563    i.crm_apb2_div_set  at32f403a_407_crm.o
    0x0800197c   0x0800197c   0x00000028   Code   RO          564    i.crm_auto_step_mode_enable  at32f403a_407_crm.o
    0x080019a4   0x080019a4   0x00000060   Code   RO          570    i.crm_clock_source_enable  at32f403a_407_crm.o
    0x08001a04   0x08001a04   0x0000012c   Code   RO          571    i.crm_clocks_freq_get  at32f403a_407_crm.o
    0x08001b30   0x08001b30   0x00000030   Code   RO          573    i.crm_flag_get      at32f403a_407_crm.o
    0x08001b60   0x08001b60   0x0000002e   Code   RO          576    i.crm_hext_stable_wait  at32f403a_407_crm.o
    0x08001b8e   0x08001b8e   0x00000002   PAD
    0x08001b90   0x08001b90   0x00000014   Code   RO          579    i.crm_hick_divider_select  at32f403a_407_crm.o
    0x08001ba4   0x08001ba4   0x0000001c   Code   RO          580    i.crm_hick_sclk_frequency_select  at32f403a_407_crm.o
    0x08001bc0   0x08001bc0   0x00000044   Code   RO          584    i.crm_periph_clock_enable  at32f403a_407_crm.o
    0x08001c04   0x08001c04   0x0000007c   Code   RO          587    i.crm_pll_config    at32f403a_407_crm.o
    0x08001c80   0x08001c80   0x00000058   Code   RO          588    i.crm_reset         at32f403a_407_crm.o
    0x08001cd8   0x08001cd8   0x0000003c   Code   RO          591    i.crm_sysclk_switch  at32f403a_407_crm.o
    0x08001d14   0x08001d14   0x00000010   Code   RO          592    i.crm_sysclk_switch_status_get  at32f403a_407_crm.o
    0x08001d24   0x08001d24   0x00000020   Code   RO          594    i.crm_usb_clock_source_select  at32f403a_407_crm.o
    0x08001d44   0x08001d44   0x00000014   Code   RO          595    i.crm_usb_interrupt_remapping_set  at32f403a_407_crm.o
    0x08001d58   0x08001d58   0x00000038   Code   RO         2865    i.delay_init        delay.o
    0x08001d90   0x08001d90   0x00000074   Code   RO         2866    i.delay_ms          delay.o
    0x08001e04   0x08001e04   0x000000c4   Code   RO         2734    i.fast_cos          foc.o
    0x08001ec8   0x08001ec8   0x000000c8   Code   RO         2735    i.fast_sin          foc.o
    0x08001f90   0x08001f90   0x00000094   Code   RO         2736    i.getCorrectedElectricalAngle  foc.o
    0x08002024   0x08002024   0x00000038   Code   RO         3031    i.get_device_config_string  cdc_desc.o
    0x0800205c   0x0800205c   0x00000008   Code   RO         3032    i.get_device_configuration  cdc_desc.o
    0x08002064   0x08002064   0x00000008   Code   RO         3033    i.get_device_descriptor  cdc_desc.o
    0x0800206c   0x0800206c   0x0000003c   Code   RO         3034    i.get_device_interface_string  cdc_desc.o
    0x080020a8   0x080020a8   0x00000008   Code   RO         3035    i.get_device_lang_id  cdc_desc.o
    0x080020b0   0x080020b0   0x00000028   Code   RO         3036    i.get_device_manufacturer_string  cdc_desc.o
    0x080020d8   0x080020d8   0x00000004   Code   RO         3037    i.get_device_other_speed  cdc_desc.o
    0x080020dc   0x080020dc   0x00000038   Code   RO         3038    i.get_device_product_string  cdc_desc.o
    0x08002114   0x08002114   0x00000004   Code   RO         3039    i.get_device_qualifier  cdc_desc.o
    0x08002118   0x08002118   0x00000010   Code   RO         3040    i.get_device_serial_string  cdc_desc.o
    0x08002128   0x08002128   0x00000034   Code   RO         3041    i.get_serial_num    cdc_desc.o
    0x0800215c   0x0800215c   0x00000004   Code   RO         1149    i.gpio_bits_reset   at32f403a_407_gpio.o
    0x08002160   0x08002160   0x00000004   Code   RO         1150    i.gpio_bits_set     at32f403a_407_gpio.o
    0x08002164   0x08002164   0x00000016   Code   RO         1152    i.gpio_default_para_init  at32f403a_407_gpio.o
    0x0800217a   0x0800217a   0x000000a8   Code   RO         1156    i.gpio_init         at32f403a_407_gpio.o
    0x08002222   0x08002222   0x00000002   PAD
    0x08002224   0x08002224   0x0000004c   Code   RO         1162    i.gpio_pin_remap_config  at32f403a_407_gpio.o
    0x08002270   0x08002270   0x00000024   Code   RO         2737    i.limit             foc.o
    0x08002294   0x08002294   0x0000005c   Code   RO            4    i.main              main.o
    0x080022f0   0x080022f0   0x000000c8   Code   RO         1895    i.nvic_irq_enable   at32f403a_407_misc.o
    0x080023b8   0x080023b8   0x00000028   Code   RO         1897    i.nvic_priority_group_config  at32f403a_407_misc.o
    0x080023e0   0x080023e0   0x00000148   Code   RO         2739    i.setPhaseVoltage   foc.o
    0x08002528   0x08002528   0x0000012c   Code   RO         2740    i.setpwm            foc.o
    0x08002654   0x08002654   0x0000000a   Code   RO         1362    i.spi_crc_enable    at32f403a_407_spi.o
    0x0800265e   0x0800265e   0x0000000a   Code   RO         1365    i.spi_crc_polynomial_set  at32f403a_407_spi.o
    0x08002668   0x08002668   0x00000016   Code   RO         1367    i.spi_default_para_init  at32f403a_407_spi.o
    0x0800267e   0x0800267e   0x0000000a   Code   RO         1368    i.spi_enable        at32f403a_407_spi.o
    0x08002688   0x08002688   0x00000008   Code   RO         1372    i.spi_i2s_data_receive  at32f403a_407_spi.o
    0x08002690   0x08002690   0x00000004   Code   RO         1373    i.spi_i2s_data_transmit  at32f403a_407_spi.o
    0x08002694   0x08002694   0x00000010   Code   RO         1377    i.spi_i2s_flag_get  at32f403a_407_spi.o
    0x080026a4   0x080026a4   0x00000124   Code   RO         1381    i.spi_init          at32f403a_407_spi.o
    0x080027c8   0x080027c8   0x000000f0   Code   RO         2741    i.strong_drag       foc.o
    0x080028b8   0x080028b8   0x000000f8   Code   RO         2242    i.system_core_clock_update  system_at32f403a_407.o
    0x080029b0   0x080029b0   0x00000028   Code   RO         1900    i.systick_clock_source_config  at32f403a_407_misc.o
    0x080029d8   0x080029d8   0x00000010   Code   RO          796    i.tmr_base_init     at32f403a_407_tmr.o
    0x080029e8   0x080029e8   0x00000048   Code   RO          797    i.tmr_brkdt_config  at32f403a_407_tmr.o
    0x08002a30   0x08002a30   0x00000028   Code   RO          804    i.tmr_channel_value_set  at32f403a_407_tmr.o
    0x08002a58   0x08002a58   0x0000000a   Code   RO          805    i.tmr_clock_source_div_set  at32f403a_407_tmr.o
    0x08002a62   0x08002a62   0x0000000a   Code   RO          806    i.tmr_cnt_dir_set   at32f403a_407_tmr.o
    0x08002a6c   0x08002a6c   0x0000000a   Code   RO          807    i.tmr_counter_enable  at32f403a_407_tmr.o
    0x08002a76   0x08002a76   0x00000006   Code   RO          819    i.tmr_flag_clear    at32f403a_407_tmr.o
    0x08002a7c   0x08002a7c   0x00000016   Code   RO          828    i.tmr_interrupt_enable  at32f403a_407_tmr.o
    0x08002a92   0x08002a92   0x00000042   Code   RO          831    i.tmr_output_channel_buffer_enable  at32f403a_407_tmr.o
    0x08002ad4   0x08002ad4   0x000001a0   Code   RO          832    i.tmr_output_channel_config  at32f403a_407_tmr.o
    0x08002c74   0x08002c74   0x00000042   Code   RO          833    i.tmr_output_channel_immediately_set  at32f403a_407_tmr.o
    0x08002cb6   0x08002cb6   0x0000000a   Code   RO          838    i.tmr_output_enable  at32f403a_407_tmr.o
    0x08002cc0   0x08002cc0   0x0000000a   Code   RO          841    i.tmr_period_buffer_enable  at32f403a_407_tmr.o
    0x08002cca   0x08002cca   0x0000000a   Code   RO          844    i.tmr_primary_mode_select  at32f403a_407_tmr.o
    0x08002cd4   0x08002cd4   0x0000000a   Code   RO          846    i.tmr_repetition_counter_set  at32f403a_407_tmr.o
    0x08002cde   0x08002cde   0x0000000a   Code   RO          849    i.tmr_sub_sync_mode_set  at32f403a_407_tmr.o
    0x08002ce8   0x08002ce8   0x0000000c   Code   RO         1958    i.usb_buffer_free   at32f403a_407_usb.o
    0x08002cf4   0x08002cf4   0x00000014   Code   RO         1959    i.usb_buffer_malloc  at32f403a_407_usb.o
    0x08002d08   0x08002d08   0x00000012   Code   RO         1960    i.usb_connect       at32f403a_407_usb.o
    0x08002d1a   0x08002d1a   0x00000024   Code   RO         1961    i.usb_dev_init      at32f403a_407_usb.o
    0x08002d3e   0x08002d3e   0x00000016   Code   RO         1963    i.usb_enter_suspend  at32f403a_407_usb.o
    0x08002d54   0x08002d54   0x0000023c   Code   RO         1964    i.usb_ept_close     at32f403a_407_usb.o
    0x08002f90   0x08002f90   0x00000510   Code   RO         1965    i.usb_ept_open      at32f403a_407_usb.o
    0x080034a0   0x080034a0   0x00000012   Code   RO         1967    i.usb_exit_suspend  at32f403a_407_usb.o
    0x080034b2   0x080034b2   0x00000006   Code   RO         1968    i.usb_flag_clear    at32f403a_407_usb.o
    0x080034b8   0x080034b8   0x00000014   Code   RO         1970    i.usb_interrupt_enable  at32f403a_407_usb.o
    0x080034cc   0x080034cc   0x0000004c   Code   RO         2594    i.usb_printf        log.o
    0x08003518   0x08003518   0x0000002c   Code   RO         1972    i.usb_read_packet   at32f403a_407_usb.o
    0x08003544   0x08003544   0x00000014   Code   RO         1975    i.usb_set_address   at32f403a_407_usb.o
    0x08003558   0x08003558   0x00000074   Code   RO         2949    i.usb_vcp_cmd_process  cdc_class.o
    0x080035cc   0x080035cc   0x00000050   Code   RO         2950    i.usb_vcp_get_rxdata  cdc_class.o
    0x0800361c   0x0800361c   0x0000003a   Code   RO         2951    i.usb_vcp_send_data  cdc_class.o
    0x08003656   0x08003656   0x00000002   PAD
    0x08003658   0x08003658   0x0000002c   Code   RO         1977    i.usb_write_packet  at32f403a_407_usb.o
    0x08003684   0x08003684   0x00000054   Code   RO         2515    i.usbd_clear_feature  usbd_sdr.o
    0x080036d8   0x080036d8   0x0000012c   Code   RO         2278    i.usbd_clear_stall  usbd_core.o
    0x08003804   0x08003804   0x0000000c   Code   RO         2279    i.usbd_connect      usbd_core.o
    0x08003810   0x08003810   0x000000ba   Code   RO         2281    i.usbd_core_in_handler  usbd_core.o
    0x080038ca   0x080038ca   0x0000002c   Code   RO         2282    i.usbd_core_init    usbd_core.o
    0x080038f6   0x080038f6   0x00000078   Code   RO         2283    i.usbd_core_out_handler  usbd_core.o
    0x0800396e   0x0800396e   0x00000054   Code   RO         2284    i.usbd_core_setup_handler  usbd_core.o
    0x080039c2   0x080039c2   0x00000024   Code   RO         2285    i.usbd_ctrl_recv    usbd_core.o
    0x080039e6   0x080039e6   0x00000018   Code   RO         2286    i.usbd_ctrl_recv_status  usbd_core.o
    0x080039fe   0x080039fe   0x00000028   Code   RO         2287    i.usbd_ctrl_send    usbd_core.o
    0x08003a26   0x08003a26   0x00000018   Code   RO         2288    i.usbd_ctrl_send_status  usbd_core.o
    0x08003a3e   0x08003a3e   0x00000016   Code   RO         2289    i.usbd_ctrl_unsupport  usbd_core.o
    0x08003a54   0x08003a54   0x00000080   Code   RO         2516    i.usbd_device_request  usbd_sdr.o
    0x08003ad4   0x08003ad4   0x0000017e   Code   RO         2517    i.usbd_endpoint_request  usbd_sdr.o
    0x08003c52   0x08003c52   0x0000000c   Code   RO         2291    i.usbd_enter_suspend  usbd_core.o
    0x08003c5e   0x08003c5e   0x00000044   Code   RO         2292    i.usbd_ept_buf_auto_define  usbd_core.o
    0x08003ca2   0x08003ca2   0x00000030   Code   RO         2294    i.usbd_ept_close    usbd_core.o
    0x08003cd2   0x08003cd2   0x000000c4   Code   RO         2296    i.usbd_ept_defaut_init  usbd_core.o
    0x08003d96   0x08003d96   0x00000026   Code   RO         2455    i.usbd_ept_loop_handler  usbd_int.o
    0x08003dbc   0x08003dbc   0x00000058   Code   RO         2297    i.usbd_ept_open     usbd_core.o
    0x08003e14   0x08003e14   0x00000074   Code   RO         2298    i.usbd_ept_recv     usbd_core.o
    0x08003e88   0x08003e88   0x00000120   Code   RO         2299    i.usbd_ept_send     usbd_core.o
    0x08003fa8   0x08003fa8   0x000001dc   Code   RO         2456    i.usbd_eptn_handler  usbd_int.o
    0x08004184   0x08004184   0x00000056   Code   RO         2518    i.usbd_get_configuration  usbd_sdr.o
    0x080041da   0x080041da   0x0000011c   Code   RO         2519    i.usbd_get_descriptor  usbd_sdr.o
    0x080042f6   0x080042f6   0x00000014   Code   RO         2300    i.usbd_get_recv_len  usbd_core.o
    0x0800430a   0x0800430a   0x00000044   Code   RO         2520    i.usbd_get_status   usbd_sdr.o
    0x0800434e   0x0800434e   0x0000003e   Code   RO         3042    i.usbd_int_to_unicode  cdc_desc.o
    0x0800438c   0x0800438c   0x0000004a   Code   RO         2521    i.usbd_interface_request  usbd_sdr.o
    0x080043d6   0x080043d6   0x0000009c   Code   RO         2457    i.usbd_irq_handler  usbd_int.o
    0x08004472   0x08004472   0x00000046   Code   RO         2458    i.usbd_reset_handler  usbd_int.o
    0x080044b8   0x080044b8   0x00000052   Code   RO         2522    i.usbd_set_address  usbd_sdr.o
    0x0800450a   0x0800450a   0x00000002   PAD
    0x0800450c   0x0800450c   0x000000c8   Code   RO         2523    i.usbd_set_configuration  usbd_sdr.o
    0x080045d4   0x080045d4   0x00000032   Code   RO         2524    i.usbd_set_feature  usbd_sdr.o
    0x08004606   0x08004606   0x00000002   PAD
    0x08004608   0x08004608   0x00000088   Code   RO         2303    i.usbd_set_stall    usbd_core.o
    0x08004690   0x08004690   0x00000028   Code   RO         2525    i.usbd_setup_request_parse  usbd_sdr.o
    0x080046b8   0x080046b8   0x00000014   Code   RO         2459    i.usbd_sof_handler  usbd_int.o
    0x080046cc   0x080046cc   0x0000002a   Code   RO         2460    i.usbd_suspend_handler  usbd_int.o
    0x080046f6   0x080046f6   0x0000003c   Code   RO         3043    i.usbd_unicode_convert  cdc_desc.o
    0x08004732   0x08004732   0x00000024   Code   RO         2461    i.usbd_wakeup_handler  usbd_int.o
    0x08004756   0x08004756   0x00000024   Code   RO          458    i.wk_acc_init       wk_acc.o
    0x0800477a   0x0800477a   0x00000002   PAD
    0x0800477c   0x0800477c   0x00000010   Code   RO          341    i.wk_debug_config   wk_debug.o
    0x0800478c   0x0800478c   0x0000003c   Code   RO          506    i.wk_gpio_config    wk_gpio.o
    0x080047c8   0x080047c8   0x000000de   Code   RO          149    i.wk_nvic_config    at32f403a_407_wk_config.o
    0x080048a6   0x080048a6   0x00000002   PAD
    0x080048a8   0x080048a8   0x00000064   Code   RO          150    i.wk_periph_clock_config  at32f403a_407_wk_config.o
    0x0800490c   0x0800490c   0x000000d0   Code   RO          482    i.wk_spi1_init      wk_spi.o
    0x080049dc   0x080049dc   0x00000098   Code   RO          151    i.wk_system_clock_config  at32f403a_407_wk_config.o
    0x08004a74   0x08004a74   0x00000044   Code   RO          304    i.wk_timebase_init  wk_system.o
    0x08004ab8   0x08004ab8   0x000002c0   Code   RO          530    i.wk_tmr1_init      wk_tmr.o
    0x08004d78   0x08004d78   0x0000004c   Code   RO          531    i.wk_tmr2_init      wk_tmr.o
    0x08004dc4   0x08004dc4   0x0000002c   Code   RO          366    i.wk_usb_app_init   usb_app.o
    0x08004df0   0x08004df0   0x000000a0   Code   RO          367    i.wk_usb_app_task   usb_app.o
    0x08004e90   0x08004e90   0x00000010   Code   RO          434    i.wk_usbfs_init     wk_usbfs.o
    0x08004ea0   0x08004ea0   0x00000010   Code   RO          368    i.wk_usbfs_irq_handler  usb_app.o
    0x08004eb0   0x08004eb0   0x00000028   Data   RO          596    .constdata          at32f403a_407_crm.o
    0x08004ed8   0x08004ed8   0x00000010   Data   RO         2243    .constdata          system_at32f403a_407.o
    0x08004ee8   0x08004ee8   0x00000020   Data   RO         3244    Region$$Table       anon$$obj.o


    Execution Region RW_IRAM1 (Exec base: 0x20000000, Load base: 0x08004f08, Size: 0x00000b78, Max: 0x00018000, ABSOLUTE, COMPRESSED[0x000000c8])

    Exec Addr    Load Addr    Size         Type   Attr      Idx    E Section Name        Object

    0x20000000   COMPRESSED   0x00000004   Data   RW          305    .data               wk_system.o
    0x20000004   COMPRESSED   0x00000001   Data   RW          370    .data               usb_app.o
    0x20000005   COMPRESSED   0x00000003   PAD
    0x20000008   COMPRESSED   0x00000006   Data   RW         1978    .data               at32f403a_407_usb.o
    0x2000000e   COMPRESSED   0x00000002   PAD
    0x20000010   COMPRESSED   0x00000004   Data   RW         2244    .data               system_at32f403a_407.o
    0x20000014   COMPRESSED   0x00000001   Data   RW         2526    .data               usbd_sdr.o
    0x20000015   COMPRESSED   0x00000003   PAD
    0x20000018   COMPRESSED   0x00000010   Data   RW         2690    .data               mt6701.o
    0x20000028   COMPRESSED   0x00000040   Data   RW         2742    .data               foc.o
    0x20000068   COMPRESSED   0x00000008   Data   RW         2869    .data               delay.o
    0x20000070   COMPRESSED   0x00000030   Data   RW         2953    .data               cdc_class.o
    0x200000a0   COMPRESSED   0x000000c8   Data   RW         3045    .data               cdc_desc.o
    0x20000168   COMPRESSED   0x00000004   Data   RW         3213    .data               mc_w.l(errno.o)
    0x2000016c        -       0x0000042c   Zero   RW          369    .bss                usb_app.o
    0x20000598        -       0x00000080   Zero   RW         2595    .bss                log.o
    0x20000618        -       0x0000005c   Zero   RW         2952    .bss                cdc_class.o
    0x20000674        -       0x00000100   Zero   RW         3044    .bss                cdc_desc.o
    0x20000774   COMPRESSED   0x00000004   PAD
    0x20000778        -       0x00000400   Zero   RW         2231    STACK               startup_at32f403a_407.o


==============================================================================

Image component sizes


      Code (inc. data)   RO Data    RW Data    ZI Data      Debug   Object Name

        84         22          0          0          0       2323   at32f403a_407_acc.o
      1046        128         40          0          0      11127   at32f403a_407_crm.o
       274          6          0          0          0       3907   at32f403a_407_gpio.o
        76          4          0          0          0       5813   at32f403a_407_int.o
       280         18          0          0          0      32692   at32f403a_407_misc.o
       372          0          0          0          0       5356   at32f403a_407_spi.o
       784          0          0          0          0      10919   at32f403a_407_tmr.o
      2128         36          0          6          0      18123   at32f403a_407_usb.o
       594         30          0          0          0      33426   at32f403a_407_wk_config.o
       764          6          0         48         92       9763   cdc_class.o
       434        152          0        200        256       7503   cdc_desc.o
       172         24          0          8          0       1556   delay.o
      1820        250          0         64          0       8842   foc.o
       140          8          0          0        128       2940   log.o
        92          4          0          0          0      60270   main.o
       238         18          0         16          0       3065   mt6701.o
        36          8        388          0       1024        820   startup_at32f403a_407.o
       360         38         16          4          0       2240   system_at32f403a_407.o
       220         54          0          1       1068       9382   usb_app.o
      1864         26          0          0          0      15049   usbd_core.o
       838         14          0          0          0       5348   usbd_int.o
      1478         24          0          1          0       8630   usbd_sdr.o
        36          0          0          0          0        486   wk_acc.o
        16          4          0          0          0        486   wk_debug.o
        60          6          0          0          0        537   wk_gpio.o
       208         10          0          0          0        655   wk_spi.o
        68         10          0          4          0       1188   wk_system.o
       780         14          0          0          0       1506   wk_tmr.o
        16          0          0          0          0        484   wk_usbfs.o

    ----------------------------------------------------------------------
     15296        914        476        360       2572     264436   Object Totals
         0          0         32          0          0          0   (incl. Generated)
        18          0          0          8          4          0   (incl. Padding)

    ----------------------------------------------------------------------

      Code (inc. data)   RO Data    RW Data    ZI Data      Debug   Library Member Name

        32          8          0          0          0        124   dunder.o
        20          0          0          0          0        124   fabs.o
       260          6          0          0          0        144   fmod.o
        86          0          0          0          0          0   __dczerorl2.o
         0          0          0          0          0          0   entry.o
         0          0          0          0          0          0   entry10a.o
         0          0          0          0          0          0   entry11a.o
         4          0          0          0          0          0   entry12b.o
         8          4          0          0          0          0   entry2.o
         4          0          0          0          0          0   entry5.o
         0          0          0          0          0          0   entry7b.o
         0          0          0          0          0          0   entry8b.o
         8          4          0          0          0          0   entry9a.o
        12          6          0          4          0         68   errno.o
        30          0          0          0          0          0   handlers.o
        36          8          0          0          0         68   init.o
         0          0          0          0          0          0   iusefp.o
        30          0          0          0          0         68   llshl.o
        36          0          0          0          0         68   llsshr.o
        32          0          0          0          0         68   llushr.o
      2260         86          0          0          0        528   printfa.o
        44          0          0          0          0         80   uidiv.o
        98          0          0          0          0         92   uldiv.o
        48          0          0          0          0         68   cdcmple.o
        48          0          0          0          0         68   cdrcmple.o
        56          0          0          0          0         88   d2f.o
       334          0          0          0          0        148   dadd.o
       222          0          0          0          0        100   ddiv.o
       186          0          0          0          0        176   depilogue.o
        48          0          0          0          0         68   dfixul.o
       228          0          0          0          0         96   dmul.o
       134          0          0          0          0         96   drem.o
        38          0          0          0          0         68   f2d.o
       110          0          0          0          0        168   fepilogue.o

    ----------------------------------------------------------------------
      4460        122          0          4          0       2576   Library Totals
         8          0          0          0          0          0   (incl. Padding)

    ----------------------------------------------------------------------

      Code (inc. data)   RO Data    RW Data    ZI Data      Debug   Library Name

       312         14          0          0          0        392   m_wm.l
      2688        108          0          4          0       1040   mc_w.l
      1452          0          0          0          0       1144   mf_w.l

    ----------------------------------------------------------------------
      4460        122          0          4          0       2576   Library Totals

    ----------------------------------------------------------------------

==============================================================================


      Code (inc. data)   RO Data    RW Data    ZI Data      Debug   

     19756       1036        476        364       2572     248704   Grand Totals
     19756       1036        476        200       2572     248704   ELF Image Totals (compressed)
     19756       1036        476        200          0          0   ROM Totals

==============================================================================

    Total RO  Size (Code + RO Data)                20232 (  19.76kB)
    Total RW  Size (RW Data + ZI Data)              2936 (   2.87kB)
    Total ROM Size (Code + RO Data + RW Data)      20432 (  19.95kB)

==============================================================================

